Unity Editor version:    6000.2.6f2 (4a4dcaec6541)
Branch:                  6000.2/respin/6000.2.6f2-cc51a95c03
Build type:              Release
Batch mode:              YES
macOS version:           Version 14.1 (Build 23B2073)
Darwin version:          23.1.0
Architecture:            arm64
Running under Rosetta:   NO
Available memory:        36864 MB
Date:                    2026-02-08T00:55:03Z
[Licensing::Module] Trying to connect to existing licensing client channel...
[Licensing::IpcConnector] Successfully connected to: "LicenseClient-jiooqAcu6Nz-74HJ4C5nv" at "2026-02-08T00:55:03.771446Z"

COMMAND LINE ARGUMENTS:
/Applications/Unity/Hub/Editor/6000.2.6f2/Unity.app/Contents/MacOS/Unity
-adb2
-batchMode
-noUpm
-name
AssetImportWorker2
-projectPath
/Users/tuan/Documents/Game/Idle Merchant Guild/Idle Merchant Guild
-logFile
Logs/AssetImportWorker2.log
-srvPort
59015
-licensingIpc
LicenseClient-jiooqAcu6Nz-74HJ4C5nv
-job-worker-count
5
-background-job-worker-count
8
-gc-helper-count
1
-name AssetImport
Successfully changed project path to: /Users/tuan/Documents/Game/Idle Merchant Guild/Idle Merchant Guild
/Users/tuan/Documents/Game/Idle Merchant Guild/Idle Merchant Guild
[UnityMemory] Configuration Parameters - Can be set up in boot.config
    "memorysetup-allocator-temp-initial-block-size-main=262144"
    "memorysetup-allocator-temp-initial-block-size-worker=262144"
    "memorysetup-bucket-allocator-granularity=16"
    "memorysetup-bucket-allocator-bucket-count=8"
    "memorysetup-bucket-allocator-block-size=33554432"
    "memorysetup-bucket-allocator-block-count=8"
    "memorysetup-main-allocator-block-size=16777216"
    "memorysetup-thread-allocator-block-size=16777216"
    "memorysetup-gfx-main-allocator-block-size=16777216"
    "memorysetup-gfx-thread-allocator-block-size=16777216"
    "memorysetup-cache-allocator-block-size=4194304"
    "memorysetup-typetree-allocator-block-size=2097152"
    "memorysetup-profiler-bucket-allocator-granularity=16"
    "memorysetup-profiler-bucket-allocator-bucket-count=8"
    "memorysetup-profiler-bucket-allocator-block-size=33554432"
    "memorysetup-profiler-bucket-allocator-block-count=8"
    "memorysetup-profiler-allocator-block-size=16777216"
    "memorysetup-profiler-editor-allocator-block-size=1048576"
    "memorysetup-temp-allocator-size-main=16777216"
    "memorysetup-job-temp-allocator-block-size=2097152"
    "memorysetup-job-temp-allocator-block-size-background=1048576"
    "memorysetup-job-temp-allocator-reduction-small-platforms=262144"
    "memorysetup-temp-allocator-size-background-worker=32768"
    "memorysetup-temp-allocator-size-job-worker=262144"
    "memorysetup-temp-allocator-size-preload-manager=33554432"
    "memorysetup-temp-allocator-size-nav-mesh-worker=65536"
    "memorysetup-temp-allocator-size-audio-worker=65536"
    "memorysetup-temp-allocator-size-cloud-worker=32768"
    "memorysetup-temp-allocator-size-gi-baking-worker=262144"
    "memorysetup-temp-allocator-size-gi-baking-worker=262144"
    "memorysetup-temp-allocator-size-gi-baking-worker=262144"
    "memorysetup-temp-allocator-size-gi-baking-worker=262144"
    "memorysetup-temp-allocator-size-gi-baking-worker=262144"
    "memorysetup-temp-allocator-size-gfx=262144"
Player connection [7957159616]  Target information:

Player connection [7957159616]  * "[IP] 192.168.1.174 [Port] 0 [Flags] 2 [Guid] 2665288163 [EditorId] 2665288163 [Version] 1048832 [Id] OSXEditor(0,tuan-macbookpro.internal.alliancesoftware.com.au) [Debug] 1 [PackageName] OSXEditor [ProjectName] Editor" 

Player connection [7957159616] Host joined multi-casting on [225.0.0.222:54997]...
Player connection [7957159616] Host joined alternative multi-casting on [225.0.0.222:34997]...
JobSystem: Creating JobQueue using job-worker-count value 5
Input System module state changed to: Initialized.
[Physics::Module] Initialized fallback backend.
[Physics::Module] Id: 0xdecafbad
Library Redirect Path: Library/
[Physics::Module] Selected backend.
[Physics::Module] Name: PhysX
[Physics::Module] Id: 0xf2b8ea05
[Physics::Module] SDK Version: 4.1.2
[Physics::Module] Integration Version: 1.0.0
[Physics::Module] Threading Mode: Multi-Threaded
Refreshing native plugins compatible for Editor in 6.14 ms, found 3 plugins.
Preloading 0 native plugins for Editor in 0.00 ms.
Initialize engine version: 6000.2.6f2 (4a4dcaec6541)
[Subsystems] Discovering subsystems at path /Applications/Unity/Hub/Editor/6000.2.6f2/Unity.app/Contents/Resources/UnitySubsystems
[Subsystems] Discovering subsystems at path /Users/tuan/Documents/Game/Idle Merchant Guild/Idle Merchant Guild/Assets
GfxDevice: creating device client; kGfxThreadingModeNonThreaded
 preferred device: Apple M3 Pro (high power)
Metal devices available: 1
0: Apple M3 Pro (high power)
Using device Apple M3 Pro (high power)
Initializing Metal device caps: Apple M3 Pro
Mac GPU Family: 2
Apple GPU Family: 9
MSL Version: 3.0
Has Float MSAA: 1
Has Float Filtering: 1
ReadWrite Texture Tier: 2
[Licensing::Client] Code 10 while verifying Licensing Client signature (process Id: 3674, path: "/Applications/Unity Hub.app/Contents/Frameworks/UnityLicensingClient_V1.app/Contents/MacOS/Unity.Licensing.Client")
[Licensing::Module] LicensingClient has failed validation; ignoring
[Licensing::Client] Handshaking with LicensingClient:
  Version:                 1.17.4+4293ba1
  Session Id:              c81f0dae89424b158e2c9856eb40e59b
  Correlation Id:          39a4a07bf70fb1c08317681dee785bef
  External correlation Id: 4740748551255489038
  Machine Id:              r03sfJLGi3ZcU2lmeRaNq5BVOsU=
[Licensing::Module] Successfully connected to LicensingClient on channel: "LicenseClient-jiooqAcu6Nz-74HJ4C5nv" (connect: 0.00s, validation: 0.00s, handshake: 0.24s)
[Licensing::IpcConnector] Successfully connected to: "LicenseClient-jiooqAcu6Nz-74HJ4C5nv-notifications" at "2026-02-08T00:55:04.013481Z"
[Licensing::Module] Licensing Background thread has ended after 0.24s
Initialize mono
Mono path[0] = '/Applications/Unity/Hub/Editor/6000.2.6f2/Unity.app/Contents/Managed'
Mono path[1] = '/Applications/Unity/Hub/Editor/6000.2.6f2/Unity.app/Contents/MonoBleedingEdge/lib/mono/unityjit-macos'
Mono config path = '/Applications/Unity/Hub/Editor/6000.2.6f2/Unity.app/Contents/MonoBleedingEdge/etc'
Using monoOptions --debugger-agent=transport=dt_socket,embedding=1,server=y,suspend=n,address=127.0.0.1:56701
Begin MonoManager ReloadAssembly
Registering precompiled unity dll's ...
Register platform support module: /Applications/Unity/Hub/Editor/6000.2.6f2/Unity.app/Contents/PlaybackEngines/MacStandaloneSupport/UnityEditor.OSXStandalone.Extensions.dll
Register platform support module: /Applications/Unity/Hub/Editor/6000.2.6f2/PlaybackEngines/WindowsStandaloneSupport/UnityEditor.WindowsStandalone.Extensions.dll
Registered in 0.001289 seconds.
- Loaded All Assemblies, in  0.275 seconds
Native extension for WindowsStandalone target not found
Native extension for OSXStandalone target not found
Mono: successfully reloaded assembly
- Finished resetting the current domain, in  0.202 seconds
Domain Reload Profiling: 478ms
	BeginReloadAssembly (112ms)
		ExecutionOrderSort (0ms)
		DisableScriptedObjects (0ms)
		BackupInstance (0ms)
		ReleaseScriptingObjects (0ms)
		CreateAndSetChildDomain (0ms)
	RebuildCommonClasses (24ms)
	RebuildNativeTypeToScriptingClass (9ms)
	initialDomainReloadingComplete (26ms)
	LoadAllAssembliesAndSetupDomain (105ms)
		LoadAssemblies (112ms)
		RebuildTransferFunctionScriptingTraits (0ms)
		AnalyzeDomain (103ms)
			TypeCache.Refresh (102ms)
				TypeCache.ScanAssembly (94ms)
			BuildScriptInfoCaches (0ms)
			ResolveRequiredComponents (0ms)
	FinalizeReload (203ms)
		ReleaseScriptCaches (0ms)
		RebuildScriptCaches (0ms)
		SetupLoadedEditorAssemblies (175ms)
			LogAssemblyErrors (0ms)
			InitializePlatformSupportModulesInManaged (28ms)
			SetLoadedEditorAssemblies (3ms)
			BeforeProcessingInitializeOnLoad (40ms)
			ProcessInitializeOnLoadAttributes (72ms)
			ProcessInitializeOnLoadMethodAttributes (33ms)
			AfterProcessingInitializeOnLoad (0ms)
			EditorAssembliesLoaded (0ms)
		ExecutionOrderSort2 (0ms)
		AwakeInstancesAfterBackupRestoration (0ms)
========================================================================
Worker process is ready to serve import requests
Import Worker Mode flag is 0x00
Begin MonoManager ReloadAssembly
[Licensing::Client] Successfully resolved entitlement details
[Licensing::Module] License group:
  Id: 698689-UnityPersXXXX
  Product: Unity Personal
  Type: Assigned
  Expiration: Unlimited
- Loaded All Assemblies, in  0.476 seconds
Refreshing native plugins compatible for Editor in 0.38 ms, found 3 plugins.
Native extension for WindowsStandalone target not found
Native extension for OSXStandalone target not found
Package Manager log level set to [2]
[Package Manager] Failed to launch server process. Reason: Unity was launched with the -noUpm command-line argument
[Package Manager] Unable to send message (not connected to server process).
[Package Manager] Cannot connect to Unity Package Manager local server
Mono: successfully reloaded assembly
- Finished resetting the current domain, in  0.560 seconds
Domain Reload Profiling: 1036ms
	BeginReloadAssembly (80ms)
		ExecutionOrderSort (0ms)
		DisableScriptedObjects (3ms)
		BackupInstance (0ms)
		ReleaseScriptingObjects (0ms)
		CreateAndSetChildDomain (23ms)
	RebuildCommonClasses (25ms)
	RebuildNativeTypeToScriptingClass (9ms)
	initialDomainReloadingComplete (21ms)
	LoadAllAssembliesAndSetupDomain (340ms)
		LoadAssemblies (196ms)
		RebuildTransferFunctionScriptingTraits (0ms)
		AnalyzeDomain (170ms)
			TypeCache.Refresh (132ms)
				TypeCache.ScanAssembly (120ms)
			BuildScriptInfoCaches (29ms)
			ResolveRequiredComponents (7ms)
	FinalizeReload (560ms)
		ReleaseScriptCaches (0ms)
		RebuildScriptCaches (0ms)
		SetupLoadedEditorAssemblies (483ms)
			LogAssemblyErrors (0ms)
			InitializePlatformSupportModulesInManaged (1ms)
			SetLoadedEditorAssemblies (2ms)
			BeforeProcessingInitializeOnLoad (82ms)
			ProcessInitializeOnLoadAttributes (332ms)
			ProcessInitializeOnLoadMethodAttributes (64ms)
			AfterProcessingInitializeOnLoad (1ms)
			EditorAssembliesLoaded (0ms)
		ExecutionOrderSort2 (0ms)
		AwakeInstancesAfterBackupRestoration (2ms)
WARNING: Shader Unsupported: 'Universal Render Pipeline/VR/SpatialMapping/Wireframe' - All subshaders removed
WARNING: Shader Did you use #pragma only_renderers and omit this platform?
WARNING: Shader If subshaders removal was intentional, you may have forgotten turning Fallback off?
WARNING: Shader Unsupported: 'Universal Render Pipeline/VR/SpatialMapping/Wireframe' - All subshaders removed
WARNING: Shader Did you use #pragma only_renderers and omit this platform?
WARNING: Shader If subshaders removal was intentional, you may have forgotten turning Fallback off?
Launching external process: /Applications/Unity/Hub/Editor/6000.2.6f2/Unity.app/Contents/Tools/UnityShaderCompiler
Launched and connected shader compiler UnityShaderCompiler after 0.45 seconds
Refreshing native plugins compatible for Editor in 0.41 ms, found 3 plugins.
Preloading 0 native plugins for Editor in 0.00 ms.
Unloading 15 Unused Serialized files (Serialized files now loaded: 0)
Unloading 6891 unused Assets / (4.5 MB). Loaded Objects now: 7622.
Memory consumption went from 144.1 MB to 139.6 MB.
Total: 5.501208 ms (FindLiveObjects: 0.372334 ms CreateObjectMapping: 0.155500 ms MarkObjects: 3.809958 ms  DeleteObjects: 1.163125 ms)

========================================================================
Received Prepare
Begin MonoManager ReloadAssembly
Thread 0x2a419f000 may have been prematurely finalized
- Loaded All Assemblies, in  0.457 seconds
Refreshing native plugins compatible for Editor in 0.36 ms, found 3 plugins.
Native extension for WindowsStandalone target not found
Native extension for OSXStandalone target not found
[Package Manager] Failed to launch server process. Reason: Unity was launched with the -noUpm command-line argument
[Package Manager] Unable to send message (not connected to server process).
[Package Manager] Cannot connect to Unity Package Manager local server
Mono: successfully reloaded assembly
- Finished resetting the current domain, in  0.505 seconds
Domain Reload Profiling: 965ms
	BeginReloadAssembly (136ms)
		ExecutionOrderSort (0ms)
		DisableScriptedObjects (8ms)
		BackupInstance (0ms)
		ReleaseScriptingObjects (0ms)
		CreateAndSetChildDomain (63ms)
	RebuildCommonClasses (26ms)
	RebuildNativeTypeToScriptingClass (9ms)
	initialDomainReloadingComplete (13ms)
	LoadAllAssembliesAndSetupDomain (276ms)
		LoadAssemblies (172ms)
		RebuildTransferFunctionScriptingTraits (0ms)
		AnalyzeDomain (130ms)
			TypeCache.Refresh (11ms)
				TypeCache.ScanAssembly (2ms)
			BuildScriptInfoCaches (109ms)
			ResolveRequiredComponents (7ms)
	FinalizeReload (506ms)
		ReleaseScriptCaches (0ms)
		RebuildScriptCaches (0ms)
		SetupLoadedEditorAssemblies (416ms)
			LogAssemblyErrors (0ms)
			InitializePlatformSupportModulesInManaged (1ms)
			SetLoadedEditorAssemblies (3ms)
			BeforeProcessingInitializeOnLoad (87ms)
			ProcessInitializeOnLoadAttributes (293ms)
			ProcessInitializeOnLoadMethodAttributes (31ms)
			AfterProcessingInitializeOnLoad (1ms)
			EditorAssembliesLoaded (0ms)
		ExecutionOrderSort2 (0ms)
		AwakeInstancesAfterBackupRestoration (6ms)
WARNING: Shader Unsupported: 'Universal Render Pipeline/VR/SpatialMapping/Wireframe' - All subshaders removed
WARNING: Shader Did you use #pragma only_renderers and omit this platform?
WARNING: Shader If subshaders removal was intentional, you may have forgotten turning Fallback off?
WARNING: Shader Unsupported: 'Universal Render Pipeline/VR/SpatialMapping/Wireframe' - All subshaders removed
WARNING: Shader Did you use #pragma only_renderers and omit this platform?
WARNING: Shader If subshaders removal was intentional, you may have forgotten turning Fallback off?
Refreshing native plugins compatible for Editor in 0.42 ms, found 3 plugins.
Preloading 0 native plugins for Editor in 0.00 ms.
Unloading 15 Unused Serialized files (Serialized files now loaded: 0)
Unloading 6889 unused Assets / (4.5 MB). Loaded Objects now: 7625.
Memory consumption went from 154.5 MB to 150.0 MB.
Total: 5.667500 ms (FindLiveObjects: 0.340792 ms CreateObjectMapping: 0.182500 ms MarkObjects: 4.106167 ms  DeleteObjects: 1.037625 ms)

Prepare: number of updated asset objects reloaded= 0
========================================================================
Received Import Request.
  Time since last request: 1424857.065795 seconds.
  path: Assets/Scripts/ScriptableObjects/Entities/EntityDef.cs
  artifactKey: Guid(f8c3511ad3d4544faa4a45fd8a2e888c) Importer(2089858483,192608db42251d675da83286b1cce702)
Start importing Assets/Scripts/ScriptableObjects/Entities/EntityDef.cs using Guid(f8c3511ad3d4544faa4a45fd8a2e888c) Importer(2089858483,192608db42251d675da83286b1cce702) (ScriptedImporter) -> (artifact id: 'fe7509203cb8749c02bcb755ca58a8ac') in 0.154081375 seconds
Number of updated asset objects reloaded before import = 0Number of asset objects unloaded after import = 0

========================================================================
Received Prepare
Begin MonoManager ReloadAssembly
[Licensing::Client] Successfully resolved entitlement details
Thread 0x16dae7000 may have been prematurely finalized
- Loaded All Assemblies, in  0.604 seconds
Refreshing native plugins compatible for Editor in 0.33 ms, found 3 plugins.
Native extension for WindowsStandalone target not found
Native extension for OSXStandalone target not found
[Package Manager] Failed to launch server process. Reason: Unity was launched with the -noUpm command-line argument
[Package Manager] Unable to send message (not connected to server process).
[Package Manager] Cannot connect to Unity Package Manager local server
Mono: successfully reloaded assembly
- Finished resetting the current domain, in  0.519 seconds
Domain Reload Profiling: 1125ms
	BeginReloadAssembly (199ms)
		ExecutionOrderSort (0ms)
		DisableScriptedObjects (22ms)
		BackupInstance (0ms)
		ReleaseScriptingObjects (0ms)
		CreateAndSetChildDomain (79ms)
	RebuildCommonClasses (24ms)
	RebuildNativeTypeToScriptingClass (9ms)
	initialDomainReloadingComplete (13ms)
	LoadAllAssembliesAndSetupDomain (360ms)
		LoadAssemblies (212ms)
		RebuildTransferFunctionScriptingTraits (0ms)
		AnalyzeDomain (175ms)
			TypeCache.Refresh (99ms)
				TypeCache.ScanAssembly (88ms)
			BuildScriptInfoCaches (68ms)
			ResolveRequiredComponents (7ms)
	FinalizeReload (519ms)
		ReleaseScriptCaches (0ms)
		RebuildScriptCaches (0ms)
		SetupLoadedEditorAssemblies (421ms)
			LogAssemblyErrors (0ms)
			InitializePlatformSupportModulesInManaged (1ms)
			SetLoadedEditorAssemblies (2ms)
			BeforeProcessingInitializeOnLoad (92ms)
			ProcessInitializeOnLoadAttributes (295ms)
			ProcessInitializeOnLoadMethodAttributes (31ms)
			AfterProcessingInitializeOnLoad (1ms)
			EditorAssembliesLoaded (0ms)
		ExecutionOrderSort2 (0ms)
		AwakeInstancesAfterBackupRestoration (7ms)
WARNING: Shader Unsupported: 'Universal Render Pipeline/VR/SpatialMapping/Wireframe' - All subshaders removed
WARNING: Shader Did you use #pragma only_renderers and omit this platform?
WARNING: Shader If subshaders removal was intentional, you may have forgotten turning Fallback off?
WARNING: Shader Unsupported: 'Universal Render Pipeline/VR/SpatialMapping/Wireframe' - All subshaders removed
WARNING: Shader Did you use #pragma only_renderers and omit this platform?
WARNING: Shader If subshaders removal was intentional, you may have forgotten turning Fallback off?
Refreshing native plugins compatible for Editor in 0.46 ms, found 3 plugins.
Preloading 0 native plugins for Editor in 0.00 ms.
Unloading 15 Unused Serialized files (Serialized files now loaded: 0)
Unloading 6891 unused Assets / (3.5 MB). Loaded Objects now: 7629.
Memory consumption went from 155.5 MB to 151.9 MB.
Total: 6.296084 ms (FindLiveObjects: 0.347209 ms CreateObjectMapping: 0.156250 ms MarkObjects: 4.378875 ms  DeleteObjects: 1.413375 ms)

Prepare: number of updated asset objects reloaded= 0
========================================================================
Received Import Request.
  Time since last request: 208.206876 seconds.
  path: Assets/Data/ExcelDataReader.DataSet.dll
  artifactKey: Guid(605efc830f8504402b65b8abbb3cf67e) Importer(2089858483,192608db42251d675da83286b1cce702)
Start importing Assets/Data/ExcelDataReader.DataSet.dll using Guid(605efc830f8504402b65b8abbb3cf67e) Importer(2089858483,192608db42251d675da83286b1cce702) (ScriptedImporter) -> (artifact id: '7ddba20cd72061c1fd6fb548c5cf2319') in 0.098746458 seconds
Number of updated asset objects reloaded before import = 0Number of asset objects unloaded after import = 0

========================================================================
Received Import Request.
  Time since last request: 1.375950 seconds.
  path: Assets/Plugins
  artifactKey: Guid(63c933b99cc6041f583172ceb4f04bc0) Importer(815301076,1909f56bfc062723c751e8b465ee728b)
Start importing Assets/Plugins using Guid(63c933b99cc6041f583172ceb4f04bc0) Importer(815301076,1909f56bfc062723c751e8b465ee728b) (PreviewImporter) -> (artifact id: 'a534d7dea4ff87c00470aeeb0ff84696') in 0.000404208 seconds
Number of updated asset objects reloaded before import = 0Number of asset objects unloaded after import = 0

========================================================================
Received Import Request.
  Time since last request: 0.950134 seconds.
  path: Assets/Plugins
  artifactKey: Guid(63c933b99cc6041f583172ceb4f04bc0) Importer(2089858483,192608db42251d675da83286b1cce702)
Start importing Assets/Plugins using Guid(63c933b99cc6041f583172ceb4f04bc0) Importer(2089858483,192608db42251d675da83286b1cce702) (ScriptedImporter) -> (artifact id: '8361275257d654775389dcbf341f7534') in 0.001974042 seconds
Number of updated asset objects reloaded before import = 0Number of asset objects unloaded after import = 1

========================================================================
Received Prepare
WARNING: Shader Unsupported: 'Universal Render Pipeline/VR/SpatialMapping/Wireframe' - All subshaders removed
WARNING: Shader Did you use #pragma only_renderers and omit this platform?
WARNING: Shader If subshaders removal was intentional, you may have forgotten turning Fallback off?
WARNING: Shader Unsupported: 'Universal Render Pipeline/VR/SpatialMapping/Wireframe' - All subshaders removed
WARNING: Shader Did you use #pragma only_renderers and omit this platform?
WARNING: Shader If subshaders removal was intentional, you may have forgotten turning Fallback off?
Refreshing native plugins compatible for Editor in 0.42 ms, found 3 plugins.
Preloading 0 native plugins for Editor in 0.00 ms.
Unloading 15 Unused Serialized files (Serialized files now loaded: 0)
Unloading 6880 unused Assets / (4.3 MB). Loaded Objects now: 7629.
Memory consumption went from 145.8 MB to 141.5 MB.
Total: 5.571750 ms (FindLiveObjects: 0.279458 ms CreateObjectMapping: 0.163917 ms MarkObjects: 4.084208 ms  DeleteObjects: 1.043875 ms)

Prepare: number of updated asset objects reloaded= 0
========================================================================
Received Import Request.
  Time since last request: 4.133874 seconds.
  path: Assets/Plugins/ExcelDataReader.dll
  artifactKey: Guid(dd133d7daef6a4e068ff39818ce4eb87) Importer(2089858483,192608db42251d675da83286b1cce702)
Start importing Assets/Plugins/ExcelDataReader.dll using Guid(dd133d7daef6a4e068ff39818ce4eb87) Importer(2089858483,192608db42251d675da83286b1cce702) (ScriptedImporter) -> (artifact id: '70619029064b554379efbd66ea82d8f7') in 0.005012792 seconds
Number of updated asset objects reloaded before import = 0Number of asset objects unloaded after import = 0

========================================================================
Received Prepare
Begin MonoManager ReloadAssembly
Thread 0x16dadf000 may have been prematurely finalized
- Loaded All Assemblies, in  0.487 seconds
Refreshing native plugins compatible for Editor in 0.47 ms, found 3 plugins.
Native extension for WindowsStandalone target not found
Native extension for OSXStandalone target not found
[Package Manager] Failed to launch server process. Reason: Unity was launched with the -noUpm command-line argument
[Package Manager] Unable to send message (not connected to server process).
[Package Manager] Cannot connect to Unity Package Manager local server
Mono: successfully reloaded assembly
- Finished resetting the current domain, in  0.523 seconds
Domain Reload Profiling: 1013ms
	BeginReloadAssembly (155ms)
		ExecutionOrderSort (0ms)
		DisableScriptedObjects (9ms)
		BackupInstance (0ms)
		ReleaseScriptingObjects (0ms)
		CreateAndSetChildDomain (67ms)
	RebuildCommonClasses (26ms)
	RebuildNativeTypeToScriptingClass (9ms)
	initialDomainReloadingComplete (14ms)
	LoadAllAssembliesAndSetupDomain (286ms)
		LoadAssemblies (180ms)
		RebuildTransferFunctionScriptingTraits (0ms)
		AnalyzeDomain (131ms)
			TypeCache.Refresh (9ms)
				TypeCache.ScanAssembly (0ms)
			BuildScriptInfoCaches (113ms)
			ResolveRequiredComponents (7ms)
	FinalizeReload (523ms)
		ReleaseScriptCaches (0ms)
		RebuildScriptCaches (0ms)
		SetupLoadedEditorAssemblies (433ms)
			LogAssemblyErrors (0ms)
			InitializePlatformSupportModulesInManaged (2ms)
			SetLoadedEditorAssemblies (3ms)
			BeforeProcessingInitializeOnLoad (85ms)
			ProcessInitializeOnLoadAttributes (313ms)
			ProcessInitializeOnLoadMethodAttributes (30ms)
			AfterProcessingInitializeOnLoad (0ms)
			EditorAssembliesLoaded (0ms)
		ExecutionOrderSort2 (0ms)
		AwakeInstancesAfterBackupRestoration (6ms)
WARNING: Shader Unsupported: 'Universal Render Pipeline/VR/SpatialMapping/Wireframe' - All subshaders removed
WARNING: Shader Did you use #pragma only_renderers and omit this platform?
WARNING: Shader If subshaders removal was intentional, you may have forgotten turning Fallback off?
WARNING: Shader Unsupported: 'Universal Render Pipeline/VR/SpatialMapping/Wireframe' - All subshaders removed
WARNING: Shader Did you use #pragma only_renderers and omit this platform?
WARNING: Shader If subshaders removal was intentional, you may have forgotten turning Fallback off?
Refreshing native plugins compatible for Editor in 0.47 ms, found 3 plugins.
Preloading 0 native plugins for Editor in 0.00 ms.
Unloading 15 Unused Serialized files (Serialized files now loaded: 0)
Unloading 6891 unused Assets / (4.1 MB). Loaded Objects now: 7631.
Memory consumption went from 155.4 MB to 151.2 MB.
Total: 5.779292 ms (FindLiveObjects: 0.379875 ms CreateObjectMapping: 0.156000 ms MarkObjects: 4.096333 ms  DeleteObjects: 1.146500 ms)

Prepare: number of updated asset objects reloaded= 0
========================================================================
Received Prepare
Begin MonoManager ReloadAssembly
[Licensing::Client] Successfully resolved entitlement details
Thread 0x16d4c3000 may have been prematurely finalized
- Loaded All Assemblies, in  0.586 seconds
Refreshing native plugins compatible for Editor in 0.39 ms, found 3 plugins.
Native extension for WindowsStandalone target not found
Native extension for OSXStandalone target not found
[Package Manager] Failed to launch server process. Reason: Unity was launched with the -noUpm command-line argument
[Package Manager] Unable to send message (not connected to server process).
[Package Manager] Cannot connect to Unity Package Manager local server
Mono: successfully reloaded assembly
- Finished resetting the current domain, in  0.589 seconds
Domain Reload Profiling: 1178ms
	BeginReloadAssembly (202ms)
		ExecutionOrderSort (0ms)
		DisableScriptedObjects (20ms)
		BackupInstance (0ms)
		ReleaseScriptingObjects (1ms)
		CreateAndSetChildDomain (85ms)
	RebuildCommonClasses (24ms)
	RebuildNativeTypeToScriptingClass (9ms)
	initialDomainReloadingComplete (14ms)
	LoadAllAssembliesAndSetupDomain (339ms)
		LoadAssemblies (212ms)
		RebuildTransferFunctionScriptingTraits (0ms)
		AnalyzeDomain (156ms)
			TypeCache.Refresh (7ms)
				TypeCache.ScanAssembly (0ms)
			BuildScriptInfoCaches (139ms)
			ResolveRequiredComponents (7ms)
	FinalizeReload (589ms)
		ReleaseScriptCaches (0ms)
		RebuildScriptCaches (0ms)
		SetupLoadedEditorAssemblies (491ms)
			LogAssemblyErrors (0ms)
			InitializePlatformSupportModulesInManaged (1ms)
			SetLoadedEditorAssemblies (3ms)
			BeforeProcessingInitializeOnLoad (118ms)
			ProcessInitializeOnLoadAttributes (338ms)
			ProcessInitializeOnLoadMethodAttributes (30ms)
			AfterProcessingInitializeOnLoad (1ms)
			EditorAssembliesLoaded (0ms)
		ExecutionOrderSort2 (0ms)
		AwakeInstancesAfterBackupRestoration (6ms)
WARNING: Shader Unsupported: 'Universal Render Pipeline/VR/SpatialMapping/Wireframe' - All subshaders removed
WARNING: Shader Did you use #pragma only_renderers and omit this platform?
WARNING: Shader If subshaders removal was intentional, you may have forgotten turning Fallback off?
WARNING: Shader Unsupported: 'Universal Render Pipeline/VR/SpatialMapping/Wireframe' - All subshaders removed
WARNING: Shader Did you use #pragma only_renderers and omit this platform?
WARNING: Shader If subshaders removal was intentional, you may have forgotten turning Fallback off?
Refreshing native plugins compatible for Editor in 0.50 ms, found 3 plugins.
Preloading 0 native plugins for Editor in 0.00 ms.
Unloading 15 Unused Serialized files (Serialized files now loaded: 0)
Unloading 6891 unused Assets / (3.7 MB). Loaded Objects now: 7633.
Memory consumption went from 155.2 MB to 151.5 MB.
Total: 6.219625 ms (FindLiveObjects: 0.345916 ms CreateObjectMapping: 0.159500 ms MarkObjects: 4.474000 ms  DeleteObjects: 1.239833 ms)

Prepare: number of updated asset objects reloaded= 0
========================================================================
Received Prepare
WARNING: Shader Unsupported: 'Universal Render Pipeline/VR/SpatialMapping/Wireframe' - All subshaders removed
WARNING: Shader Did you use #pragma only_renderers and omit this platform?
WARNING: Shader If subshaders removal was intentional, you may have forgotten turning Fallback off?
WARNING: Shader Unsupported: 'Universal Render Pipeline/VR/SpatialMapping/Wireframe' - All subshaders removed
WARNING: Shader Did you use #pragma only_renderers and omit this platform?
WARNING: Shader If subshaders removal was intentional, you may have forgotten turning Fallback off?
Refreshing native plugins compatible for Editor in 2.09 ms, found 3 plugins.
Preloading 0 native plugins for Editor in 0.00 ms.
Unloading 15 Unused Serialized files (Serialized files now loaded: 0)
Unloading 6882 unused Assets / (3.6 MB). Loaded Objects now: 7635.
Memory consumption went from 145.8 MB to 142.3 MB.
Total: 30.818208 ms (FindLiveObjects: 0.428375 ms CreateObjectMapping: 0.150042 ms MarkObjects: 28.942125 ms  DeleteObjects: 1.296834 ms)

Prepare: number of updated asset objects reloaded= 0
========================================================================
Received Prepare
Begin MonoManager ReloadAssembly
[Licensing::Client] Successfully resolved entitlement details
Thread 0x16d4c3000 may have been prematurely finalized
- Loaded All Assemblies, in  0.479 seconds
Refreshing native plugins compatible for Editor in 0.34 ms, found 3 plugins.
Native extension for WindowsStandalone target not found
Native extension for OSXStandalone target not found
[Package Manager] Failed to launch server process. Reason: Unity was launched with the -noUpm command-line argument
[Package Manager] Unable to send message (not connected to server process).
[Package Manager] Cannot connect to Unity Package Manager local server
Mono: successfully reloaded assembly
- Finished resetting the current domain, in  0.484 seconds
Domain Reload Profiling: 966ms
	BeginReloadAssembly (146ms)
		ExecutionOrderSort (0ms)
		DisableScriptedObjects (12ms)
		BackupInstance (0ms)
		ReleaseScriptingObjects (0ms)
		CreateAndSetChildDomain (60ms)
	RebuildCommonClasses (25ms)
	RebuildNativeTypeToScriptingClass (9ms)
	initialDomainReloadingComplete (15ms)
	LoadAllAssembliesAndSetupDomain (286ms)
		LoadAssemblies (185ms)
		RebuildTransferFunctionScriptingTraits (0ms)
		AnalyzeDomain (130ms)
			TypeCache.Refresh (10ms)
				TypeCache.ScanAssembly (1ms)
			BuildScriptInfoCaches (109ms)
			ResolveRequiredComponents (7ms)
	FinalizeReload (485ms)
		ReleaseScriptCaches (0ms)
		RebuildScriptCaches (0ms)
		SetupLoadedEditorAssemblies (401ms)
			LogAssemblyErrors (0ms)
			InitializePlatformSupportModulesInManaged (1ms)
			SetLoadedEditorAssemblies (4ms)
			BeforeProcessingInitializeOnLoad (88ms)
			ProcessInitializeOnLoadAttributes (278ms)
			ProcessInitializeOnLoadMethodAttributes (29ms)
			AfterProcessingInitializeOnLoad (1ms)
			EditorAssembliesLoaded (0ms)
		ExecutionOrderSort2 (0ms)
		AwakeInstancesAfterBackupRestoration (6ms)
WARNING: Shader Unsupported: 'Universal Render Pipeline/VR/SpatialMapping/Wireframe' - All subshaders removed
WARNING: Shader Did you use #pragma only_renderers and omit this platform?
WARNING: Shader If subshaders removal was intentional, you may have forgotten turning Fallback off?
WARNING: Shader Unsupported: 'Universal Render Pipeline/VR/SpatialMapping/Wireframe' - All subshaders removed
WARNING: Shader Did you use #pragma only_renderers and omit this platform?
WARNING: Shader If subshaders removal was intentional, you may have forgotten turning Fallback off?
Refreshing native plugins compatible for Editor in 0.40 ms, found 3 plugins.
Preloading 0 native plugins for Editor in 0.00 ms.
Unloading 15 Unused Serialized files (Serialized files now loaded: 0)
Unloading 6893 unused Assets / (4.2 MB). Loaded Objects now: 7637.
Memory consumption went from 155.3 MB to 151.1 MB.
Total: 5.562667 ms (FindLiveObjects: 0.358541 ms CreateObjectMapping: 0.133875 ms MarkObjects: 3.942709 ms  DeleteObjects: 1.127333 ms)

Prepare: number of updated asset objects reloaded= 0
========================================================================
Received Import Request.
  Time since last request: 3197.721944 seconds.
  path: Assets/Data/Items/Item_SpectralRobe.asset
  artifactKey: Guid(56c941c5ab7fe48a3ba32e6808267896) Importer(815301076,1909f56bfc062723c751e8b465ee728b)
Start importing Assets/Data/Items/Item_SpectralRobe.asset using Guid(56c941c5ab7fe48a3ba32e6808267896) Importer(815301076,1909f56bfc062723c751e8b465ee728b) (PreviewImporter) -> (artifact id: '70eaeb022ded6bd7d381d1c52ff72753') in 0.013370333 seconds
Number of updated asset objects reloaded before import = 0Number of asset objects unloaded after import = 1

========================================================================
Received Import Request.
  Time since last request: 0.108939 seconds.
  path: Assets/Data/Items/Item_SpiderSilk.asset
  artifactKey: Guid(b47fb365c607a41019fd49c1e6e3f99e) Importer(815301076,1909f56bfc062723c751e8b465ee728b)
Start importing Assets/Data/Items/Item_SpiderSilk.asset using Guid(b47fb365c607a41019fd49c1e6e3f99e) Importer(815301076,1909f56bfc062723c751e8b465ee728b) (PreviewImporter) -> (artifact id: 'e47b9eadd5f9d923306e50da8995c135') in 0.000775125 seconds
Number of updated asset objects reloaded before import = 0Number of asset objects unloaded after import = 1

========================================================================
Received Import Request.
  Time since last request: 0.202395 seconds.
  path: Assets/Data/Items/Item_SpriteDust.asset
  artifactKey: Guid(28191a0c6ecf848bb93bc49f02afd399) Importer(815301076,1909f56bfc062723c751e8b465ee728b)
Start importing Assets/Data/Items/Item_SpriteDust.asset using Guid(28191a0c6ecf848bb93bc49f02afd399) Importer(815301076,1909f56bfc062723c751e8b465ee728b) (PreviewImporter) -> (artifact id: 'd14ccb0f947d55d544cbe9eb1a326090') in 0.000708708 seconds
Number of updated asset objects reloaded before import = 0Number of asset objects unloaded after import = 1

========================================================================
Received Import Request.
  Time since last request: 0.183294 seconds.
  path: Assets/Data/Items/Item_Stone.asset
  artifactKey: Guid(fe708228bedae49eca00d04494268f73) Importer(815301076,1909f56bfc062723c751e8b465ee728b)
Start importing Assets/Data/Items/Item_Stone.asset using Guid(fe708228bedae49eca00d04494268f73) Importer(815301076,1909f56bfc062723c751e8b465ee728b) (PreviewImporter) -> (artifact id: '96a18c8d1abf6e830a1b258385f2a1f9') in 0.000690292 seconds
Number of updated asset objects reloaded before import = 0Number of asset objects unloaded after import = 1

========================================================================
Received Import Request.
  Time since last request: 0.193573 seconds.
  path: Assets/Data/Items/Item_StoneSword.asset
  artifactKey: Guid(9d17747fdfca147d6a764d36f179ac61) Importer(815301076,1909f56bfc062723c751e8b465ee728b)
Start importing Assets/Data/Items/Item_StoneSword.asset using Guid(9d17747fdfca147d6a764d36f179ac61) Importer(815301076,1909f56bfc062723c751e8b465ee728b) (PreviewImporter) -> (artifact id: '45f345fb5aa1346e8a891ccd3e7374e9') in 0.000773542 seconds
Number of updated asset objects reloaded before import = 0Number of asset objects unloaded after import = 1

========================================================================
Received Import Request.
  Time since last request: 0.193621 seconds.
  path: Assets/Data/Items/Item_WolfArmor.asset
  artifactKey: Guid(f33f57354c44a4d8d8553573763b1c6a) Importer(815301076,1909f56bfc062723c751e8b465ee728b)
Start importing Assets/Data/Items/Item_WolfArmor.asset using Guid(f33f57354c44a4d8d8553573763b1c6a) Importer(815301076,1909f56bfc062723c751e8b465ee728b) (PreviewImporter) -> (artifact id: 'ad38ae32dcb383cd27a79b2e8d08305e') in 0.002135125 seconds
Number of updated asset objects reloaded before import = 0Number of asset objects unloaded after import = 1

========================================================================
Received Import Request.
  Time since last request: 0.277690 seconds.
  path: Assets/Data/Items/Item_WolfPelt.asset
  artifactKey: Guid(f86f5321ba7264e6eb253adb9eadee1c) Importer(815301076,1909f56bfc062723c751e8b465ee728b)
Start importing Assets/Data/Items/Item_WolfPelt.asset using Guid(f86f5321ba7264e6eb253adb9eadee1c) Importer(815301076,1909f56bfc062723c751e8b465ee728b) (PreviewImporter) -> (artifact id: '5d78316d03ac030d50c6cbf74e97e98f') in 0.000772083 seconds
Number of updated asset objects reloaded before import = 0Number of asset objects unloaded after import = 1

========================================================================
Received Import Request.
  Time since last request: 0.239955 seconds.
  path: Assets/Data/Items/Item_Wood.asset
  artifactKey: Guid(47e0a77d978394722b01d21d6dbaea79) Importer(815301076,1909f56bfc062723c751e8b465ee728b)
Start importing Assets/Data/Items/Item_Wood.asset using Guid(47e0a77d978394722b01d21d6dbaea79) Importer(815301076,1909f56bfc062723c751e8b465ee728b) (PreviewImporter) -> (artifact id: 'b2ea9d04623ad6154727d50f0b0fc0b1') in 0.000676708 seconds
Number of updated asset objects reloaded before import = 0Number of asset objects unloaded after import = 1

========================================================================
Received Import Request.
  Time since last request: 0.209095 seconds.
  path: Assets/Data/Items/Item_WoodenClub.asset
  artifactKey: Guid(3a3054271d03b4c5989a5b8ec28c3374) Importer(815301076,1909f56bfc062723c751e8b465ee728b)
Start importing Assets/Data/Items/Item_WoodenClub.asset using Guid(3a3054271d03b4c5989a5b8ec28c3374) Importer(815301076,1909f56bfc062723c751e8b465ee728b) (PreviewImporter) -> (artifact id: '95f813300b1e6c0904feb8efc478cbf1') in 0.001420833 seconds
Number of updated asset objects reloaded before import = 0Number of asset objects unloaded after import = 1

========================================================================
Received Import Request.
  Time since last request: 20.051686 seconds.
  path: Assets/Data/Mobs/Mob_Ghost.asset
  artifactKey: Guid(0efb8da95153446188333be67451a2ec) Importer(815301076,1909f56bfc062723c751e8b465ee728b)
Start importing Assets/Data/Mobs/Mob_Ghost.asset using Guid(0efb8da95153446188333be67451a2ec) Importer(815301076,1909f56bfc062723c751e8b465ee728b) (PreviewImporter) -> (artifact id: '74de235078519b2d0b0117e2a3aaedd1') in 0.003410625 seconds
Number of updated asset objects reloaded before import = 0Number of asset objects unloaded after import = 3

========================================================================
Received Import Request.
  Time since last request: 4.072430 seconds.
  path: Assets/Data/Mobs/Mob_ForestSprite.asset
  artifactKey: Guid(73d8c261113834ca4950a12a7e8b0434) Importer(815301076,1909f56bfc062723c751e8b465ee728b)
Start importing Assets/Data/Mobs/Mob_ForestSprite.asset using Guid(73d8c261113834ca4950a12a7e8b0434) Importer(815301076,1909f56bfc062723c751e8b465ee728b) (PreviewImporter) -> (artifact id: 'eb891a274b40f4aadf977c0ca7764135') in 0.001218542 seconds
Number of updated asset objects reloaded before import = 0Number of asset objects unloaded after import = 3

========================================================================
Received Import Request.
  Time since last request: 1.401955 seconds.
  path: Assets/Data/Mobs/Mob_GrayWolf.asset
  artifactKey: Guid(4f64218803a994e8581b0d2d477ce895) Importer(815301076,1909f56bfc062723c751e8b465ee728b)
Start importing Assets/Data/Mobs/Mob_GrayWolf.asset using Guid(4f64218803a994e8581b0d2d477ce895) Importer(815301076,1909f56bfc062723c751e8b465ee728b) (PreviewImporter) -> (artifact id: 'c81e11555e41ebe75b4e8233db7709e5') in 0.001244583 seconds
Number of updated asset objects reloaded before import = 0Number of asset objects unloaded after import = 3

========================================================================
Received Import Request.
  Time since last request: 0.801371 seconds.
  path: Assets/Data/Mobs/Mob_Imp.asset
  artifactKey: Guid(79b2c305dfae14ead81dad1af12863e9) Importer(815301076,1909f56bfc062723c751e8b465ee728b)
Start importing Assets/Data/Mobs/Mob_Imp.asset using Guid(79b2c305dfae14ead81dad1af12863e9) Importer(815301076,1909f56bfc062723c751e8b465ee728b) (PreviewImporter) -> (artifact id: 'd829ae67ac2cad7a7024d9d21093c20f') in 0.001331541 seconds
Number of updated asset objects reloaded before import = 0Number of asset objects unloaded after import = 3

========================================================================
Received Import Request.
  Time since last request: 3.786601 seconds.
  path: Assets/Data/Recipes/Recipe_AbyssalArmor.asset
  artifactKey: Guid(14469e7aa1fde4005b293d21483ef7f7) Importer(815301076,1909f56bfc062723c751e8b465ee728b)
Start importing Assets/Data/Recipes/Recipe_AbyssalArmor.asset using Guid(14469e7aa1fde4005b293d21483ef7f7) Importer(815301076,1909f56bfc062723c751e8b465ee728b) (PreviewImporter) -> (artifact id: '6c709eb0c4097ae7f91303c45700614e') in 0.001972833 seconds
Number of updated asset objects reloaded before import = 0Number of asset objects unloaded after import = 1

========================================================================
Received Import Request.
  Time since last request: 1.539129 seconds.
  path: Assets/Data/Recipes/Recipe_BearCloak.asset
  artifactKey: Guid(a0cba4d6a5b4841ee98105306417ccfa) Importer(815301076,1909f56bfc062723c751e8b465ee728b)
Start importing Assets/Data/Recipes/Recipe_BearCloak.asset using Guid(a0cba4d6a5b4841ee98105306417ccfa) Importer(815301076,1909f56bfc062723c751e8b465ee728b) (PreviewImporter) -> (artifact id: '84c231e3e3de5a0e428f5a126ea256e0') in 0.0023805 seconds
Number of updated asset objects reloaded before import = 0Number of asset objects unloaded after import = 1

========================================================================
Received Import Request.
  Time since last request: 0.316366 seconds.
  path: Assets/Data/Recipes/Recipe_BoneBlade.asset
  artifactKey: Guid(e011bac48ec734a35ab31d2fb6dfdf4d) Importer(815301076,1909f56bfc062723c751e8b465ee728b)
Start importing Assets/Data/Recipes/Recipe_BoneBlade.asset using Guid(e011bac48ec734a35ab31d2fb6dfdf4d) Importer(815301076,1909f56bfc062723c751e8b465ee728b) (PreviewImporter) -> (artifact id: 'ed67031d004fb28cccb8960f4af4999e') in 0.001637333 seconds
Number of updated asset objects reloaded before import = 0Number of asset objects unloaded after import = 1

========================================================================
Received Import Request.
  Time since last request: 0.168073 seconds.
  path: Assets/Data/Recipes/Recipe_CrystalFocus.asset
  artifactKey: Guid(e611bb45a8c8743c78a211d5e94a0cea) Importer(815301076,1909f56bfc062723c751e8b465ee728b)
Start importing Assets/Data/Recipes/Recipe_CrystalFocus.asset using Guid(e611bb45a8c8743c78a211d5e94a0cea) Importer(815301076,1909f56bfc062723c751e8b465ee728b) (PreviewImporter) -> (artifact id: 'fdab00b418004b22993303051928b834') in 0.0014045 seconds
Number of updated asset objects reloaded before import = 0Number of asset objects unloaded after import = 1

========================================================================
Received Import Request.
  Time since last request: 0.141304 seconds.
  path: Assets/Data/Recipes/Recipe_DemonWarblade.asset
  artifactKey: Guid(8854cbf6bd2cf4d5684fec8c14764716) Importer(815301076,1909f56bfc062723c751e8b465ee728b)
Start importing Assets/Data/Recipes/Recipe_DemonWarblade.asset using Guid(8854cbf6bd2cf4d5684fec8c14764716) Importer(815301076,1909f56bfc062723c751e8b465ee728b) (PreviewImporter) -> (artifact id: 'cf5718742ab14b8bd57f59237657366b') in 0.001122334 seconds
Number of updated asset objects reloaded before import = 0Number of asset objects unloaded after import = 1

========================================================================
Received Import Request.
  Time since last request: 0.150146 seconds.
  path: Assets/Data/Recipes/Recipe_EnchantedRing.asset
  artifactKey: Guid(2d972d14f34f84f66b087215bbee2959) Importer(815301076,1909f56bfc062723c751e8b465ee728b)
Start importing Assets/Data/Recipes/Recipe_EnchantedRing.asset using Guid(2d972d14f34f84f66b087215bbee2959) Importer(815301076,1909f56bfc062723c751e8b465ee728b) (PreviewImporter) -> (artifact id: '7d771835c4ae019506bb736363c83ed7') in 0.001086625 seconds
Number of updated asset objects reloaded before import = 0Number of asset objects unloaded after import = 1

========================================================================
Received Import Request.
  Time since last request: 0.484065 seconds.
  path: Assets/Data/Recipes/Recipe_InfernalAmulet.asset
  artifactKey: Guid(55694874bdae94d0bb67efe9d9f3e214) Importer(815301076,1909f56bfc062723c751e8b465ee728b)
Start importing Assets/Data/Recipes/Recipe_InfernalAmulet.asset using Guid(55694874bdae94d0bb67efe9d9f3e214) Importer(815301076,1909f56bfc062723c751e8b465ee728b) (PreviewImporter) -> (artifact id: 'd3c647c5a95d0d177ae1d7c6a0e82280') in 0.002256542 seconds
Number of updated asset objects reloaded before import = 0Number of asset objects unloaded after import = 5

========================================================================
Received Import Request.
  Time since last request: 0.065141 seconds.
  path: Assets/Data/Recipes/Recipe_IronSword.asset
  artifactKey: Guid(b70a9ee5c276048c69d940543dff20ba) Importer(815301076,1909f56bfc062723c751e8b465ee728b)
Start importing Assets/Data/Recipes/Recipe_IronSword.asset using Guid(b70a9ee5c276048c69d940543dff20ba) Importer(815301076,1909f56bfc062723c751e8b465ee728b) (PreviewImporter) -> (artifact id: 'd60fd2abd71c6d08e16cadcb8158283c') in 0.001235042 seconds
Number of updated asset objects reloaded before import = 0Number of asset objects unloaded after import = 1

========================================================================
Received Import Request.
  Time since last request: 0.065056 seconds.
  path: Assets/Data/Recipes/Recipe_LeatherArmor.asset
  artifactKey: Guid(02ebd741bb56a49a2b4f17e9addd9434) Importer(815301076,1909f56bfc062723c751e8b465ee728b)
Start importing Assets/Data/Recipes/Recipe_LeatherArmor.asset using Guid(02ebd741bb56a49a2b4f17e9addd9434) Importer(815301076,1909f56bfc062723c751e8b465ee728b) (PreviewImporter) -> (artifact id: '50957d9fccbe8d7df16763aaa0332da2') in 0.001349375 seconds
Number of updated asset objects reloaded before import = 0Number of asset objects unloaded after import = 1

========================================================================
Received Import Request.
  Time since last request: 0.070038 seconds.
  path: Assets/Data/Recipes/Recipe_SoulGem.asset
  artifactKey: Guid(88d0400f5f6e249c9a6660fa1d2f5cb6) Importer(815301076,1909f56bfc062723c751e8b465ee728b)
Start importing Assets/Data/Recipes/Recipe_SoulGem.asset using Guid(88d0400f5f6e249c9a6660fa1d2f5cb6) Importer(815301076,1909f56bfc062723c751e8b465ee728b) (PreviewImporter) -> (artifact id: '4cddd4e7349388e1b2061343931d86af') in 0.001248041 seconds
Number of updated asset objects reloaded before import = 0Number of asset objects unloaded after import = 1

========================================================================
Received Import Request.
  Time since last request: 0.064873 seconds.
  path: Assets/Data/Recipes/Recipe_SpectralRobe.asset
  artifactKey: Guid(1fce270fb1ec84f2d8bd4f4ac9937c25) Importer(815301076,1909f56bfc062723c751e8b465ee728b)
Start importing Assets/Data/Recipes/Recipe_SpectralRobe.asset using Guid(1fce270fb1ec84f2d8bd4f4ac9937c25) Importer(815301076,1909f56bfc062723c751e8b465ee728b) (PreviewImporter) -> (artifact id: '7bef4b4e5771488d2b009642f3e355b2') in 0.001057917 seconds
Number of updated asset objects reloaded before import = 0Number of asset objects unloaded after import = 1

========================================================================
Received Import Request.
  Time since last request: 0.064802 seconds.
  path: Assets/Data/Recipes/Recipe_StoneSword.asset
  artifactKey: Guid(6cfb51e862d3b4ba8b0ecb58bf5043b8) Importer(815301076,1909f56bfc062723c751e8b465ee728b)
Start importing Assets/Data/Recipes/Recipe_StoneSword.asset using Guid(6cfb51e862d3b4ba8b0ecb58bf5043b8) Importer(815301076,1909f56bfc062723c751e8b465ee728b) (PreviewImporter) -> (artifact id: 'ee8f48f59fa07c9ffc338c4b189270a8') in 0.001312041 seconds
Number of updated asset objects reloaded before import = 0Number of asset objects unloaded after import = 1

========================================================================
Received Import Request.
  Time since last request: 0.068184 seconds.
  path: Assets/Data/Recipes/Recipe_WolfArmor.asset
  artifactKey: Guid(a15d370e41c0a4f6486f52edda1b246e) Importer(815301076,1909f56bfc062723c751e8b465ee728b)
Start importing Assets/Data/Recipes/Recipe_WolfArmor.asset using Guid(a15d370e41c0a4f6486f52edda1b246e) Importer(815301076,1909f56bfc062723c751e8b465ee728b) (PreviewImporter) -> (artifact id: '534cb815c75395898cd68d4acc1538f7') in 0.00059575 seconds
Number of updated asset objects reloaded before import = 0Number of asset objects unloaded after import = 1

========================================================================
Received Import Request.
  Time since last request: 0.066713 seconds.
  path: Assets/Data/Recipes/Recipe_WoodenClub.asset
  artifactKey: Guid(d72dcd22278324cc19a6ca7d0472648e) Importer(815301076,1909f56bfc062723c751e8b465ee728b)
Start importing Assets/Data/Recipes/Recipe_WoodenClub.asset using Guid(d72dcd22278324cc19a6ca7d0472648e) Importer(815301076,1909f56bfc062723c751e8b465ee728b) (PreviewImporter) -> (artifact id: '1321d5f68472092abb282da02710e0fa') in 0.000561875 seconds
Number of updated asset objects reloaded before import = 0Number of asset objects unloaded after import = 1

========================================================================
Received Import Request.
  Time since last request: 104.506737 seconds.
  path: Assets/Data/Mobs
  artifactKey: Guid(f3fba331c759143c6b884710adef597e) Importer(815301076,1909f56bfc062723c751e8b465ee728b)
Start importing Assets/Data/Mobs using Guid(f3fba331c759143c6b884710adef597e) Importer(815301076,1909f56bfc062723c751e8b465ee728b) (PreviewImporter) -> (artifact id: '3fd5907729402bce6baf160a95d91fb3') in 0.00029225 seconds
Number of updated asset objects reloaded before import = 0Number of asset objects unloaded after import = 0

========================================================================
Received Import Request.
  Time since last request: 0.704403 seconds.
  path: Assets/Data/Recipes
  artifactKey: Guid(b9d3efdebaf064547969dad13a5422c5) Importer(815301076,1909f56bfc062723c751e8b465ee728b)
Start importing Assets/Data/Recipes using Guid(b9d3efdebaf064547969dad13a5422c5) Importer(815301076,1909f56bfc062723c751e8b465ee728b) (PreviewImporter) -> (artifact id: 'e3cbe80ce5a9ef6a1df273cf5eec3c2a') in 0.000268834 seconds
Number of updated asset objects reloaded before import = 0Number of asset objects unloaded after import = 0

========================================================================
Received Import Request.
  Time since last request: 6.570375 seconds.
  path: Assets/Data/Items/Item_DemonWarblade.asset
  artifactKey: Guid(aba673c05c6434d8baaa6fc54c2e7331) Importer(815301076,1909f56bfc062723c751e8b465ee728b)
Start importing Assets/Data/Items/Item_DemonWarblade.asset using Guid(aba673c05c6434d8baaa6fc54c2e7331) Importer(815301076,1909f56bfc062723c751e8b465ee728b) (PreviewImporter) -> (artifact id: '051ed13221299e5ccc7ab24abd764cc7') in 0.000882084 seconds
Number of updated asset objects reloaded before import = 0Number of asset objects unloaded after import = 1

========================================================================
Received Import Request.
  Time since last request: 6.572041 seconds.
  path: Assets/Data/Items/Item_BearCloak.asset
  artifactKey: Guid(69b5eebfcd2a64e9eb3252e4a4e17463) Importer(815301076,1909f56bfc062723c751e8b465ee728b)
Start importing Assets/Data/Items/Item_BearCloak.asset using Guid(69b5eebfcd2a64e9eb3252e4a4e17463) Importer(815301076,1909f56bfc062723c751e8b465ee728b) (PreviewImporter) -> (artifact id: 'ad7893cda5962189cd62cba42821951a') in 0.001119416 seconds
Number of updated asset objects reloaded before import = 0Number of asset objects unloaded after import = 1

========================================================================
Received Import Request.
  Time since last request: 16408.550086 seconds.
  path: Assets/Data/Items/Item_BoneBlade.asset
  artifactKey: Guid(594a34399296e424798d6acb18b1e9d1) Importer(815301076,1909f56bfc062723c751e8b465ee728b)
Start importing Assets/Data/Items/Item_BoneBlade.asset using Guid(594a34399296e424798d6acb18b1e9d1) Importer(815301076,1909f56bfc062723c751e8b465ee728b) (PreviewImporter) -> (artifact id: '4026d02dfe40cafb97c30e374e559409') in 0.003382083 seconds
Number of updated asset objects reloaded before import = 0Number of asset objects unloaded after import = 1

========================================================================
Received Import Request.
  Time since last request: 45.574883 seconds.
  path: Assets/Prefabs/Entities/Adventurers/Lvl 2 Adventuer Temp.asset
  artifactKey: Guid(351863467aa9345a78d73faa3378d8ff) Importer(815301076,1909f56bfc062723c751e8b465ee728b)
Start importing Assets/Prefabs/Entities/Adventurers/Lvl 2 Adventuer Temp.asset using Guid(351863467aa9345a78d73faa3378d8ff) Importer(815301076,1909f56bfc062723c751e8b465ee728b) (PreviewImporter) -> (artifact id: '0a22fc975390a53e83fb60bf2f4d5fab') in 0.035079166 seconds
Number of updated asset objects reloaded before import = 0Number of asset objects unloaded after import = 348

========================================================================
Received Import Request.
  Time since last request: 0.000051 seconds.
  path: Assets/Prefabs/Entities/Mob/Slime/Slime.asset
  artifactKey: Guid(1f630e5ddcfde4f76b4de5c085136176) Importer(815301076,1909f56bfc062723c751e8b465ee728b)
Start importing Assets/Prefabs/Entities/Mob/Slime/Slime.asset using Guid(1f630e5ddcfde4f76b4de5c085136176) Importer(815301076,1909f56bfc062723c751e8b465ee728b) (PreviewImporter) -> (artifact id: 'c203deb2e43ee120fb6e9b6db4e80d66') in 0.01343075 seconds
Number of updated asset objects reloaded before import = 0Number of asset objects unloaded after import = 58

========================================================================
Received Import Request.
  Time since last request: 0.000061 seconds.
  path: Assets/Data/Mobs/Mob_Skeleton.asset
  artifactKey: Guid(6709bc528957541269d78435fabd1b77) Importer(815301076,1909f56bfc062723c751e8b465ee728b)
Start importing Assets/Data/Mobs/Mob_Skeleton.asset using Guid(6709bc528957541269d78435fabd1b77) Importer(815301076,1909f56bfc062723c751e8b465ee728b) (PreviewImporter) -> (artifact id: '640bceeb8206e24c5523c1db249f186f') in 0.001562667 seconds
Number of updated asset objects reloaded before import = 0Number of asset objects unloaded after import = 3

========================================================================
Received Import Request.
  Time since last request: 0.000035 seconds.
  path: Assets/Data/Mobs/Mob_OrcGrunt.asset
  artifactKey: Guid(e1d2d6dc30bd54a7c81ff8ff065b5a99) Importer(815301076,1909f56bfc062723c751e8b465ee728b)
Start importing Assets/Data/Mobs/Mob_OrcGrunt.asset using Guid(e1d2d6dc30bd54a7c81ff8ff065b5a99) Importer(815301076,1909f56bfc062723c751e8b465ee728b) (PreviewImporter) -> (artifact id: '596f093c9676cf1cffdd526eb772b9a1') in 0.001420542 seconds
Number of updated asset objects reloaded before import = 0Number of asset objects unloaded after import = 3

========================================================================
Received Import Request.
  Time since last request: 0.000070 seconds.
  path: Assets/Data/Mobs/Mob_StoneGolem.asset
  artifactKey: Guid(267d3e895c3ee429aa671b730f5a8f62) Importer(815301076,1909f56bfc062723c751e8b465ee728b)
Start importing Assets/Data/Mobs/Mob_StoneGolem.asset using Guid(267d3e895c3ee429aa671b730f5a8f62) Importer(815301076,1909f56bfc062723c751e8b465ee728b) (PreviewImporter) -> (artifact id: '7fca1631ce4a8f4cdcfdd1adce5bde8d') in 0.001257542 seconds
Number of updated asset objects reloaded before import = 0Number of asset objects unloaded after import = 3

Editor requested this worker to shutdown with reason: Scaling down because of idle timeout
AssetImportWorker is now disconnected from the server
Process exiting
