Unity Editor version:    6000.2.6f2 (4a4dcaec6541)
Branch:                  6000.2/respin/6000.2.6f2-cc51a95c03
Build type:              Release
Batch mode:              YES
macOS version:           Version 14.1 (Build 23B2073)
Darwin version:          23.1.0
Architecture:            arm64
Running under Rosetta:   NO
Available memory:        36864 MB
Date:                    2026-02-09T12:32:01Z
[Licensing::Module] Trying to connect to existing licensing client channel...
[Licensing::IpcConnector] Successfully connected to: "LicenseClient-jiooqAcu6Nz-74HJ4C5nv" at "2026-02-09T12:32:01.926991Z"

COMMAND LINE ARGUMENTS:
/Applications/Unity/Hub/Editor/6000.2.6f2/Unity.app/Contents/MacOS/Unity
-adb2
-batchMode
-noUpm
-name
AssetImportWorker14
-projectPath
/Users/tuan/Documents/Game/Idle Merchant Guild/Idle Merchant Guild
-logFile
Logs/AssetImportWorker14.log
-srvPort
59015
-licensingIpc
LicenseClient-jiooqAcu6Nz-74HJ4C5nv
-job-worker-count
5
-background-job-worker-count
8
-gc-helper-count
1
-name AssetImport
Successfully changed project path to: /Users/tuan/Documents/Game/Idle Merchant Guild/Idle Merchant Guild
/Users/tuan/Documents/Game/Idle Merchant Guild/Idle Merchant Guild
[UnityMemory] Configuration Parameters - Can be set up in boot.config
    "memorysetup-allocator-temp-initial-block-size-main=262144"
    "memorysetup-allocator-temp-initial-block-size-worker=262144"
    "memorysetup-bucket-allocator-granularity=16"
    "memorysetup-bucket-allocator-bucket-count=8"
    "memorysetup-bucket-allocator-block-size=33554432"
    "memorysetup-bucket-allocator-block-count=8"
    "memorysetup-main-allocator-block-size=16777216"
    "memorysetup-thread-allocator-block-size=16777216"
    "memorysetup-gfx-main-allocator-block-size=16777216"
    "memorysetup-gfx-thread-allocator-block-size=16777216"
    "memorysetup-cache-allocator-block-size=4194304"
    "memorysetup-typetree-allocator-block-size=2097152"
    "memorysetup-profiler-bucket-allocator-granularity=16"
    "memorysetup-profiler-bucket-allocator-bucket-count=8"
    "memorysetup-profiler-bucket-allocator-block-size=33554432"
    "memorysetup-profiler-bucket-allocator-block-count=8"
    "memorysetup-profiler-allocator-block-size=16777216"
    "memorysetup-profiler-editor-allocator-block-size=1048576"
    "memorysetup-temp-allocator-size-main=16777216"
    "memorysetup-job-temp-allocator-block-size=2097152"
    "memorysetup-job-temp-allocator-block-size-background=1048576"
    "memorysetup-job-temp-allocator-reduction-small-platforms=262144"
    "memorysetup-temp-allocator-size-background-worker=32768"
    "memorysetup-temp-allocator-size-job-worker=262144"
    "memorysetup-temp-allocator-size-preload-manager=33554432"
    "memorysetup-temp-allocator-size-nav-mesh-worker=65536"
    "memorysetup-temp-allocator-size-audio-worker=65536"
    "memorysetup-temp-allocator-size-cloud-worker=32768"
    "memorysetup-temp-allocator-size-gi-baking-worker=262144"
    "memorysetup-temp-allocator-size-gi-baking-worker=262144"
    "memorysetup-temp-allocator-size-gi-baking-worker=262144"
    "memorysetup-temp-allocator-size-gi-baking-worker=262144"
    "memorysetup-temp-allocator-size-gi-baking-worker=262144"
    "memorysetup-temp-allocator-size-gfx=262144"
Player connection [7957159616]  Target information:

Player connection [7957159616]  * "[IP] 192.168.1.174 [Port] 0 [Flags] 2 [Guid] 846834702 [EditorId] 846834702 [Version] 1048832 [Id] OSXEditor(0,tuan-macbookpro.internal.alliancesoftware.com.au) [Debug] 1 [PackageName] OSXEditor [ProjectName] Editor" 

Player connection [7957159616]  * "[IP] 172.16.128.83 [Port] 0 [Flags] 2 [Guid] 846834702 [EditorId] 846834702 [Version] 1048832 [Id] OSXEditor(0,tuan-macbookpro.internal.alliancesoftware.com.au) [Debug] 1 [PackageName] OSXEditor [ProjectName] Editor" 

Player connection [7957159616] Host joined multi-casting on [225.0.0.222:54997]...
Player connection [7957159616] Host joined alternative multi-casting on [225.0.0.222:34997]...
JobSystem: Creating JobQueue using job-worker-count value 5
Input System module state changed to: Initialized.
[Physics::Module] Initialized fallback backend.
[Physics::Module] Id: 0xdecafbad
Library Redirect Path: Library/
[Physics::Module] Selected backend.
[Physics::Module] Name: PhysX
[Physics::Module] Id: 0xf2b8ea05
[Physics::Module] SDK Version: 4.1.2
[Physics::Module] Integration Version: 1.0.0
[Physics::Module] Threading Mode: Multi-Threaded
Refreshing native plugins compatible for Editor in 4.28 ms, found 3 plugins.
Preloading 0 native plugins for Editor in 0.00 ms.
Initialize engine version: 6000.2.6f2 (4a4dcaec6541)
[Subsystems] Discovering subsystems at path /Applications/Unity/Hub/Editor/6000.2.6f2/Unity.app/Contents/Resources/UnitySubsystems
[Subsystems] Discovering subsystems at path /Users/tuan/Documents/Game/Idle Merchant Guild/Idle Merchant Guild/Assets
GfxDevice: creating device client; kGfxThreadingModeNonThreaded
 preferred device: Apple M3 Pro (high power)
Metal devices available: 1
0: Apple M3 Pro (high power)
Using device Apple M3 Pro (high power)
Initializing Metal device caps: Apple M3 Pro
Mac GPU Family: 2
Apple GPU Family: 9
MSL Version: 3.0
Has Float MSAA: 1
Has Float Filtering: 1
ReadWrite Texture Tier: 2
Initialize mono
Mono path[0] = '/Applications/Unity/Hub/Editor/6000.2.6f2/Unity.app/Contents/Managed'
Mono path[1] = '/Applications/Unity/Hub/Editor/6000.2.6f2/Unity.app/Contents/MonoBleedingEdge/lib/mono/unityjit-macos'
Mono config path = '/Applications/Unity/Hub/Editor/6000.2.6f2/Unity.app/Contents/MonoBleedingEdge/etc'
Using monoOptions --debugger-agent=transport=dt_socket,embedding=1,server=y,suspend=n,address=127.0.0.1:56581
Begin MonoManager ReloadAssembly
[Licensing::Client] Code 10 while verifying Licensing Client signature (process Id: 3674, path: "/Applications/Unity Hub.app/Contents/Frameworks/UnityLicensingClient_V1.app/Contents/MacOS/Unity.Licensing.Client")
[Licensing::Module] LicensingClient has failed validation; ignoring
[Licensing::Client] Handshaking with LicensingClient:
  Version:                 1.17.4+4293ba1
  Session Id:              427cfef703ad4346ad7e6b172937835e
  Correlation Id:          39a4a07bf70fb1c08317681dee785bef
  External correlation Id: 5901657145902397454
  Machine Id:              r03sfJLGi3ZcU2lmeRaNq5BVOsU=
[Licensing::Module] Successfully connected to LicensingClient on channel: "LicenseClient-jiooqAcu6Nz-74HJ4C5nv" (connect: 0.00s, validation: 0.00s, handshake: 0.37s)
[Licensing::IpcConnector] Successfully connected to: "LicenseClient-jiooqAcu6Nz-74HJ4C5nv-notifications" at "2026-02-09T12:32:02.295933Z"
[Licensing::Module] Licensing Background thread has ended after 0.37s
Registering precompiled unity dll's ...
Register platform support module: /Applications/Unity/Hub/Editor/6000.2.6f2/Unity.app/Contents/PlaybackEngines/MacStandaloneSupport/UnityEditor.OSXStandalone.Extensions.dll
Register platform support module: /Applications/Unity/Hub/Editor/6000.2.6f2/PlaybackEngines/WindowsStandaloneSupport/UnityEditor.WindowsStandalone.Extensions.dll
Registered in 0.001456 seconds.
- Loaded All Assemblies, in  0.254 seconds
Native extension for WindowsStandalone target not found
Native extension for OSXStandalone target not found
Mono: successfully reloaded assembly
- Finished resetting the current domain, in  0.200 seconds
Domain Reload Profiling: 454ms
	BeginReloadAssembly (85ms)
		ExecutionOrderSort (0ms)
		DisableScriptedObjects (0ms)
		BackupInstance (0ms)
		ReleaseScriptingObjects (0ms)
		CreateAndSetChildDomain (0ms)
	RebuildCommonClasses (24ms)
	RebuildNativeTypeToScriptingClass (9ms)
	initialDomainReloadingComplete (29ms)
	LoadAllAssembliesAndSetupDomain (107ms)
		LoadAssemblies (85ms)
		RebuildTransferFunctionScriptingTraits (0ms)
		AnalyzeDomain (104ms)
			TypeCache.Refresh (103ms)
				TypeCache.ScanAssembly (95ms)
			BuildScriptInfoCaches (0ms)
			ResolveRequiredComponents (0ms)
	FinalizeReload (200ms)
		ReleaseScriptCaches (0ms)
		RebuildScriptCaches (0ms)
		SetupLoadedEditorAssemblies (171ms)
			LogAssemblyErrors (0ms)
			InitializePlatformSupportModulesInManaged (28ms)
			SetLoadedEditorAssemblies (3ms)
			BeforeProcessingInitializeOnLoad (39ms)
			ProcessInitializeOnLoadAttributes (70ms)
			ProcessInitializeOnLoadMethodAttributes (32ms)
			AfterProcessingInitializeOnLoad (0ms)
			EditorAssembliesLoaded (0ms)
		ExecutionOrderSort2 (0ms)
		AwakeInstancesAfterBackupRestoration (0ms)
========================================================================
Worker process is ready to serve import requests
Import Worker Mode flag is 0x00
Begin MonoManager ReloadAssembly
[Licensing::Client] Successfully resolved entitlement details
[Licensing::Module] License group:
  Id: 698689-UnityPersXXXX
  Product: Unity Personal
  Type: Assigned
  Expiration: Unlimited
- Loaded All Assemblies, in  0.454 seconds
Refreshing native plugins compatible for Editor in 0.41 ms, found 3 plugins.
Native extension for WindowsStandalone target not found
Native extension for OSXStandalone target not found
Package Manager log level set to [2]
[Package Manager] Failed to launch server process. Reason: Unity was launched with the -noUpm command-line argument
[Package Manager] Unable to send message (not connected to server process).
[Package Manager] Cannot connect to Unity Package Manager local server
Mono: successfully reloaded assembly
- Finished resetting the current domain, in  0.533 seconds
Domain Reload Profiling: 985ms
	BeginReloadAssembly (77ms)
		ExecutionOrderSort (0ms)
		DisableScriptedObjects (3ms)
		BackupInstance (0ms)
		ReleaseScriptingObjects (0ms)
		CreateAndSetChildDomain (22ms)
	RebuildCommonClasses (23ms)
	RebuildNativeTypeToScriptingClass (9ms)
	initialDomainReloadingComplete (19ms)
	LoadAllAssembliesAndSetupDomain (323ms)
		LoadAssemblies (187ms)
		RebuildTransferFunctionScriptingTraits (0ms)
		AnalyzeDomain (162ms)
			TypeCache.Refresh (125ms)
				TypeCache.ScanAssembly (115ms)
			BuildScriptInfoCaches (28ms)
			ResolveRequiredComponents (7ms)
	FinalizeReload (533ms)
		ReleaseScriptCaches (0ms)
		RebuildScriptCaches (0ms)
		SetupLoadedEditorAssemblies (456ms)
			LogAssemblyErrors (0ms)
			InitializePlatformSupportModulesInManaged (1ms)
			SetLoadedEditorAssemblies (4ms)
			BeforeProcessingInitializeOnLoad (82ms)
			ProcessInitializeOnLoadAttributes (311ms)
			ProcessInitializeOnLoadMethodAttributes (57ms)
			AfterProcessingInitializeOnLoad (1ms)
			EditorAssembliesLoaded (0ms)
		ExecutionOrderSort2 (0ms)
		AwakeInstancesAfterBackupRestoration (2ms)
WARNING: Shader Unsupported: 'Universal Render Pipeline/VR/SpatialMapping/Wireframe' - All subshaders removed
WARNING: Shader Did you use #pragma only_renderers and omit this platform?
WARNING: Shader If subshaders removal was intentional, you may have forgotten turning Fallback off?
WARNING: Shader Unsupported: 'Universal Render Pipeline/VR/SpatialMapping/Wireframe' - All subshaders removed
WARNING: Shader Did you use #pragma only_renderers and omit this platform?
WARNING: Shader If subshaders removal was intentional, you may have forgotten turning Fallback off?
Launching external process: /Applications/Unity/Hub/Editor/6000.2.6f2/Unity.app/Contents/Tools/UnityShaderCompiler
Launched and connected shader compiler UnityShaderCompiler after 0.04 seconds
Refreshing native plugins compatible for Editor in 0.45 ms, found 3 plugins.
Preloading 0 native plugins for Editor in 0.00 ms.
Unloading 15 Unused Serialized files (Serialized files now loaded: 0)
Unloading 6884 unused Assets / (4.2 MB). Loaded Objects now: 7613.
Memory consumption went from 142.3 MB to 138.1 MB.
Total: 5.313750 ms (FindLiveObjects: 0.278500 ms CreateObjectMapping: 0.158667 ms MarkObjects: 3.887417 ms  DeleteObjects: 0.988875 ms)

========================================================================
Received Import Request.
  Time since last request: 1506108.967132 seconds.
  path: Assets/Sprites/Village/Tileset/MainLevBuild_42.asset
  artifactKey: Guid(1b0c10a0286bf4f8aa5f2b48be88a1eb) Importer(2089858483,192608db42251d675da83286b1cce702)
Start importing Assets/Sprites/Village/Tileset/MainLevBuild_42.asset using Guid(1b0c10a0286bf4f8aa5f2b48be88a1eb) Importer(2089858483,192608db42251d675da83286b1cce702) (ScriptedImporter) -> (artifact id: '2d34e8f16be04efe7f2d66a9dbee56a8') in 0.118008417 seconds
Number of updated asset objects reloaded before import = 0Number of asset objects unloaded after import = 2

========================================================================
Received Import Request.
  Time since last request: 0.000038 seconds.
  path: Assets/Sprites/Village/Tileset/MainLevBuild_6.asset
  artifactKey: Guid(0edd905137062433ca57704319ff6650) Importer(2089858483,192608db42251d675da83286b1cce702)
Start importing Assets/Sprites/Village/Tileset/MainLevBuild_6.asset using Guid(0edd905137062433ca57704319ff6650) Importer(2089858483,192608db42251d675da83286b1cce702) (ScriptedImporter) -> (artifact id: '73cb5471c2462fea3fa3b46748b03093') in 0.002965417 seconds
Number of updated asset objects reloaded before import = 0Number of asset objects unloaded after import = 2

========================================================================
Received Import Request.
  Time since last request: 0.000032 seconds.
  path: Assets/Sprites/Village/Tileset/MainLevBuild_54.asset
  artifactKey: Guid(8a7c2c36918ec497a9dfbf7c9cf78e61) Importer(2089858483,192608db42251d675da83286b1cce702)
Start importing Assets/Sprites/Village/Tileset/MainLevBuild_54.asset using Guid(8a7c2c36918ec497a9dfbf7c9cf78e61) Importer(2089858483,192608db42251d675da83286b1cce702) (ScriptedImporter) -> (artifact id: 'c488972deedd6a2bbe51891bb183bd95') in 0.00278125 seconds
Number of updated asset objects reloaded before import = 0Number of asset objects unloaded after import = 2

========================================================================
Received Import Request.
  Time since last request: 0.000041 seconds.
  path: Assets/Sprites/Village/Tileset/MainLevBuild_26.asset
  artifactKey: Guid(2ca2f219bfdbe4421b112d4d4aef0c77) Importer(2089858483,192608db42251d675da83286b1cce702)
Start importing Assets/Sprites/Village/Tileset/MainLevBuild_26.asset using Guid(2ca2f219bfdbe4421b112d4d4aef0c77) Importer(2089858483,192608db42251d675da83286b1cce702) (ScriptedImporter) -> (artifact id: '9e8e4308241db431dc37ccfbcede45c5') in 0.00268425 seconds
Number of updated asset objects reloaded before import = 0Number of asset objects unloaded after import = 2

========================================================================
Received Import Request.
  Time since last request: 0.000068 seconds.
  path: Assets/Sprites/Village/Tileset/MainLevBuild_50.asset
  artifactKey: Guid(d41e51db9a53e488f8ca2e3eafe9ded6) Importer(2089858483,192608db42251d675da83286b1cce702)
Start importing Assets/Sprites/Village/Tileset/MainLevBuild_50.asset using Guid(d41e51db9a53e488f8ca2e3eafe9ded6) Importer(2089858483,192608db42251d675da83286b1cce702) (ScriptedImporter) -> (artifact id: '87bc7d86b3aa552a13db997c96057c8b') in 0.002523167 seconds
Number of updated asset objects reloaded before import = 0Number of asset objects unloaded after import = 2

========================================================================
Received Import Request.
  Time since last request: 0.000033 seconds.
  path: Assets/Sprites/Village/Tileset/MainLevBuild_32.asset
  artifactKey: Guid(08f766f02b5d341dd9e7b708e3b1439f) Importer(2089858483,192608db42251d675da83286b1cce702)
Start importing Assets/Sprites/Village/Tileset/MainLevBuild_32.asset using Guid(08f766f02b5d341dd9e7b708e3b1439f) Importer(2089858483,192608db42251d675da83286b1cce702) (ScriptedImporter) -> (artifact id: '1ed8311bf6d4f325921fe1abbc448254') in 0.002692958 seconds
Number of updated asset objects reloaded before import = 0Number of asset objects unloaded after import = 2

========================================================================
Received Import Request.
  Time since last request: 0.000033 seconds.
  path: Assets/Sprites/Village/Tileset/MainLevBuild_16.asset
  artifactKey: Guid(5f205148546e14eea8af0be1bb170de8) Importer(2089858483,192608db42251d675da83286b1cce702)
Start importing Assets/Sprites/Village/Tileset/MainLevBuild_16.asset using Guid(5f205148546e14eea8af0be1bb170de8) Importer(2089858483,192608db42251d675da83286b1cce702) (ScriptedImporter) -> (artifact id: '0849ed9541417a439fabe75bd2b0670b') in 0.002980542 seconds
Number of updated asset objects reloaded before import = 0Number of asset objects unloaded after import = 2

========================================================================
Received Import Request.
  Time since last request: 0.000035 seconds.
  path: Assets/Sprites/Village/Tileset/MainLevBuild_35.asset
  artifactKey: Guid(4d105305107b349dab97640cff34c85e) Importer(2089858483,192608db42251d675da83286b1cce702)
Start importing Assets/Sprites/Village/Tileset/MainLevBuild_35.asset using Guid(4d105305107b349dab97640cff34c85e) Importer(2089858483,192608db42251d675da83286b1cce702) (ScriptedImporter) -> (artifact id: '1f329e0bdb5d17d9cbce503b8c992604') in 0.002651541 seconds
Number of updated asset objects reloaded before import = 0Number of asset objects unloaded after import = 2

========================================================================
Received Import Request.
  Time since last request: 0.000043 seconds.
  path: Assets/Sprites/Village/Tileset/MainLevBuild_1.asset
  artifactKey: Guid(c52d8a7a849ae45729fc6910ca4c1119) Importer(2089858483,192608db42251d675da83286b1cce702)
Start importing Assets/Sprites/Village/Tileset/MainLevBuild_1.asset using Guid(c52d8a7a849ae45729fc6910ca4c1119) Importer(2089858483,192608db42251d675da83286b1cce702) (ScriptedImporter) -> (artifact id: '6c2efdb0d3ba0b2f3c7dc92cd6ff0216') in 0.002773125 seconds
Number of updated asset objects reloaded before import = 0Number of asset objects unloaded after import = 2

========================================================================
Received Import Request.
  Time since last request: 0.000026 seconds.
  path: Assets/Sprites/Village/Tileset/MainLevBuild_47.asset
  artifactKey: Guid(3c65b8f0a29174dcca20ada4af5e29b0) Importer(2089858483,192608db42251d675da83286b1cce702)
Start importing Assets/Sprites/Village/Tileset/MainLevBuild_47.asset using Guid(3c65b8f0a29174dcca20ada4af5e29b0) Importer(2089858483,192608db42251d675da83286b1cce702) (ScriptedImporter) -> (artifact id: 'c6aebad2455c1b3b2695c361abf5dc97') in 0.002791375 seconds
Number of updated asset objects reloaded before import = 0Number of asset objects unloaded after import = 2

========================================================================
Received Import Request.
  Time since last request: 0.000037 seconds.
  path: Assets/Sprites/Village/Tileset/MainLevBuild_18.asset
  artifactKey: Guid(9775f5a16642447299112978225255ef) Importer(2089858483,192608db42251d675da83286b1cce702)
Start importing Assets/Sprites/Village/Tileset/MainLevBuild_18.asset using Guid(9775f5a16642447299112978225255ef) Importer(2089858483,192608db42251d675da83286b1cce702) (ScriptedImporter) -> (artifact id: '6911ceeb4ed3605595f20713ea438795') in 0.002607417 seconds
Number of updated asset objects reloaded before import = 0Number of asset objects unloaded after import = 2

========================================================================
Received Import Request.
  Time since last request: 0.000029 seconds.
  path: Assets/Sprites/Village/Tileset/MainLevBuild_53.asset
  artifactKey: Guid(d61b9ec5d35b742edac159e647835e7f) Importer(2089858483,192608db42251d675da83286b1cce702)
Start importing Assets/Sprites/Village/Tileset/MainLevBuild_53.asset using Guid(d61b9ec5d35b742edac159e647835e7f) Importer(2089858483,192608db42251d675da83286b1cce702) (ScriptedImporter) -> (artifact id: 'cd0c980b9572ed70e7d8a03c017c2cb1') in 0.004241666 seconds
Number of updated asset objects reloaded before import = 0Number of asset objects unloaded after import = 2

========================================================================
Received Import Request.
  Time since last request: 0.000033 seconds.
  path: Assets/Sprites/Village/Tileset/MainLevBuild_4.asset
  artifactKey: Guid(8f0c0032c65da447f93dcda2f65c1c96) Importer(2089858483,192608db42251d675da83286b1cce702)
Start importing Assets/Sprites/Village/Tileset/MainLevBuild_4.asset using Guid(8f0c0032c65da447f93dcda2f65c1c96) Importer(2089858483,192608db42251d675da83286b1cce702) (ScriptedImporter) -> (artifact id: '337b52b122975e5ae49f125fc0f70600') in 0.002575791 seconds
Number of updated asset objects reloaded before import = 0Number of asset objects unloaded after import = 2

========================================================================
Received Import Request.
  Time since last request: 0.000030 seconds.
  path: Assets/Sprites/Village/Tileset/MainLevBuild_14.asset
  artifactKey: Guid(b7c45419b25524f888e4328fcff0705c) Importer(2089858483,192608db42251d675da83286b1cce702)
Start importing Assets/Sprites/Village/Tileset/MainLevBuild_14.asset using Guid(b7c45419b25524f888e4328fcff0705c) Importer(2089858483,192608db42251d675da83286b1cce702) (ScriptedImporter) -> (artifact id: '702c921299d65717e5bac3b47d5e14f8') in 0.00256 seconds
Number of updated asset objects reloaded before import = 0Number of asset objects unloaded after import = 2

========================================================================
Received Import Request.
  Time since last request: 0.000034 seconds.
  path: Assets/Sprites/Village/Tileset/MainLevBuild_10.asset
  artifactKey: Guid(88d2f50a34d254d52a4ef3bba4b69486) Importer(2089858483,192608db42251d675da83286b1cce702)
Start importing Assets/Sprites/Village/Tileset/MainLevBuild_10.asset using Guid(88d2f50a34d254d52a4ef3bba4b69486) Importer(2089858483,192608db42251d675da83286b1cce702) (ScriptedImporter) -> (artifact id: 'f8abe4207d8738c0b7bcd31529526764') in 0.002561292 seconds
Number of updated asset objects reloaded before import = 0Number of asset objects unloaded after import = 2

========================================================================
Received Import Request.
  Time since last request: 146.818533 seconds.
  path: Assets/Sprites/Village/MainLevBuild_1.asset
  artifactKey: Guid(bb478ba874bff4ff2b23af8e2b859bbc) Importer(2089858483,192608db42251d675da83286b1cce702)
Start importing Assets/Sprites/Village/MainLevBuild_1.asset using Guid(bb478ba874bff4ff2b23af8e2b859bbc) Importer(2089858483,192608db42251d675da83286b1cce702) (ScriptedImporter) -> (artifact id: '6bce02f4f08137f4ebac8ba51f4a449c') in 0.00430625 seconds
Number of updated asset objects reloaded before import = 0Number of asset objects unloaded after import = 2

========================================================================
Received Import Request.
  Time since last request: 0.000029 seconds.
  path: Assets/Sprites/Village/MainLevBuild_54.asset
  artifactKey: Guid(2110de66cf8ee4215997f7132eac84db) Importer(2089858483,192608db42251d675da83286b1cce702)
Start importing Assets/Sprites/Village/MainLevBuild_54.asset using Guid(2110de66cf8ee4215997f7132eac84db) Importer(2089858483,192608db42251d675da83286b1cce702) (ScriptedImporter) -> (artifact id: 'e7488f40e586c4a1504b835c4060d577') in 0.002718625 seconds
Number of updated asset objects reloaded before import = 0Number of asset objects unloaded after import = 2

========================================================================
Received Import Request.
  Time since last request: 0.000039 seconds.
  path: Assets/Sprites/Village/MainLevBuild_45.asset
  artifactKey: Guid(ae634579b06b44c8aa9bfaa8cd3e6eff) Importer(2089858483,192608db42251d675da83286b1cce702)
Start importing Assets/Sprites/Village/MainLevBuild_45.asset using Guid(ae634579b06b44c8aa9bfaa8cd3e6eff) Importer(2089858483,192608db42251d675da83286b1cce702) (ScriptedImporter) -> (artifact id: '36b1f2365f2371625da25b0c641cc323') in 0.003498709 seconds
Number of updated asset objects reloaded before import = 0Number of asset objects unloaded after import = 2

========================================================================
Received Import Request.
  Time since last request: 0.000082 seconds.
  path: Assets/Sprites/Village/MainLevBuild_22.asset
  artifactKey: Guid(ef1207ada7d024ab8a50f6c8f64c6ef4) Importer(2089858483,192608db42251d675da83286b1cce702)
Start importing Assets/Sprites/Village/MainLevBuild_22.asset using Guid(ef1207ada7d024ab8a50f6c8f64c6ef4) Importer(2089858483,192608db42251d675da83286b1cce702) (ScriptedImporter) -> (artifact id: 'd1af16a00f1ca03b7468f69a169c432b') in 0.00298 seconds
Number of updated asset objects reloaded before import = 0Number of asset objects unloaded after import = 2

========================================================================
Received Import Request.
  Time since last request: 0.000042 seconds.
  path: Assets/Sprites/Village/MainLevBuild_5.asset
  artifactKey: Guid(25073fe41ae35476898036736298139b) Importer(2089858483,192608db42251d675da83286b1cce702)
Start importing Assets/Sprites/Village/MainLevBuild_5.asset using Guid(25073fe41ae35476898036736298139b) Importer(2089858483,192608db42251d675da83286b1cce702) (ScriptedImporter) -> (artifact id: 'a41b0a370c962e6e8a668a7441d61721') in 0.003830583 seconds
Number of updated asset objects reloaded before import = 0Number of asset objects unloaded after import = 2

========================================================================
Received Import Request.
  Time since last request: 0.000071 seconds.
  path: Assets/Sprites/Village/MainLevBuild_2.asset
  artifactKey: Guid(809d2ac21832d4924a115405d2d5bedd) Importer(2089858483,192608db42251d675da83286b1cce702)
Start importing Assets/Sprites/Village/MainLevBuild_2.asset using Guid(809d2ac21832d4924a115405d2d5bedd) Importer(2089858483,192608db42251d675da83286b1cce702) (ScriptedImporter) -> (artifact id: '6ed425f9db9d06967b48d2c0cb796a4d') in 0.003987709 seconds
Number of updated asset objects reloaded before import = 0Number of asset objects unloaded after import = 2

========================================================================
Received Import Request.
  Time since last request: 0.000069 seconds.
  path: Assets/Sprites/Village/MainLevBuild_46.asset
  artifactKey: Guid(2c21bee85cac5424697872a6456cb258) Importer(2089858483,192608db42251d675da83286b1cce702)
Start importing Assets/Sprites/Village/MainLevBuild_46.asset using Guid(2c21bee85cac5424697872a6456cb258) Importer(2089858483,192608db42251d675da83286b1cce702) (ScriptedImporter) -> (artifact id: '6253e9ee2369f3fbbca49473d21a7486') in 0.002945833 seconds
Number of updated asset objects reloaded before import = 0Number of asset objects unloaded after import = 2

========================================================================
Received Import Request.
  Time since last request: 0.000067 seconds.
  path: Assets/Sprites/Village/MainLevBuild_50.asset
  artifactKey: Guid(0a76ef249f98d4e7c8c125286ee33177) Importer(2089858483,192608db42251d675da83286b1cce702)
Start importing Assets/Sprites/Village/MainLevBuild_50.asset using Guid(0a76ef249f98d4e7c8c125286ee33177) Importer(2089858483,192608db42251d675da83286b1cce702) (ScriptedImporter) -> (artifact id: '98a0811184d5605444ef5a289e02a7b6') in 0.002840416 seconds
Number of updated asset objects reloaded before import = 0Number of asset objects unloaded after import = 2

========================================================================
Received Import Request.
  Time since last request: 0.000046 seconds.
  path: Assets/Sprites/Village/MainLevBuild_6.asset
  artifactKey: Guid(388bcc27ee06646b5a3a30dce8c2257e) Importer(2089858483,192608db42251d675da83286b1cce702)
Start importing Assets/Sprites/Village/MainLevBuild_6.asset using Guid(388bcc27ee06646b5a3a30dce8c2257e) Importer(2089858483,192608db42251d675da83286b1cce702) (ScriptedImporter) -> (artifact id: 'c4d58427a03f15beec2e4d253bc3be6a') in 0.00293025 seconds
Number of updated asset objects reloaded before import = 0Number of asset objects unloaded after import = 2

========================================================================
Received Import Request.
  Time since last request: 0.000049 seconds.
  path: Assets/Sprites/Village/MainLevBuild_41.asset
  artifactKey: Guid(e0b787f3bb7bf4896b6cd7fe8e290716) Importer(2089858483,192608db42251d675da83286b1cce702)
Start importing Assets/Sprites/Village/MainLevBuild_41.asset using Guid(e0b787f3bb7bf4896b6cd7fe8e290716) Importer(2089858483,192608db42251d675da83286b1cce702) (ScriptedImporter) -> (artifact id: '518ba01c306cc77d9968135d206f3625') in 0.006175167 seconds
Number of updated asset objects reloaded before import = 0Number of asset objects unloaded after import = 2

========================================================================
Received Import Request.
  Time since last request: 0.000056 seconds.
  path: Assets/Sprites/Village/MainLevBuild_42.asset
  artifactKey: Guid(265c93e9bfec64a70b93bcc78243f371) Importer(2089858483,192608db42251d675da83286b1cce702)
Start importing Assets/Sprites/Village/MainLevBuild_42.asset using Guid(265c93e9bfec64a70b93bcc78243f371) Importer(2089858483,192608db42251d675da83286b1cce702) (ScriptedImporter) -> (artifact id: 'f8bbf22fc22efe4e740225eb29ee0047') in 0.003094084 seconds
Number of updated asset objects reloaded before import = 0Number of asset objects unloaded after import = 2

========================================================================
Received Import Request.
  Time since last request: 0.000056 seconds.
  path: Assets/Sprites/Village/MainLevBuild_53.asset
  artifactKey: Guid(1bbda236d31404b8d8b700de8480f950) Importer(2089858483,192608db42251d675da83286b1cce702)
Start importing Assets/Sprites/Village/MainLevBuild_53.asset using Guid(1bbda236d31404b8d8b700de8480f950) Importer(2089858483,192608db42251d675da83286b1cce702) (ScriptedImporter) -> (artifact id: 'bbae434afdf6d3596199b97a480c3d60') in 0.003710208 seconds
Number of updated asset objects reloaded before import = 0Number of asset objects unloaded after import = 2

========================================================================
Received Import Request.
  Time since last request: 0.000050 seconds.
  path: Assets/Sprites/Village/MainLevBuild_9.asset
  artifactKey: Guid(327850378e784449085e97cec37cb833) Importer(2089858483,192608db42251d675da83286b1cce702)
Start importing Assets/Sprites/Village/MainLevBuild_9.asset using Guid(327850378e784449085e97cec37cb833) Importer(2089858483,192608db42251d675da83286b1cce702) (ScriptedImporter) -> (artifact id: 'bcb46b2322b8d2e3ad2c415423cf85b1') in 0.003267292 seconds
Number of updated asset objects reloaded before import = 0Number of asset objects unloaded after import = 2

========================================================================
Received Import Request.
  Time since last request: 0.000043 seconds.
  path: Assets/Sprites/Village/MainLevBuild_33.asset
  artifactKey: Guid(ef6cd0bcff6794dc190fd1f6a01566b8) Importer(2089858483,192608db42251d675da83286b1cce702)
Start importing Assets/Sprites/Village/MainLevBuild_33.asset using Guid(ef6cd0bcff6794dc190fd1f6a01566b8) Importer(2089858483,192608db42251d675da83286b1cce702) (ScriptedImporter) -> (artifact id: 'd0d04ed93b857d76ebf6f45adadb031d') in 0.003151334 seconds
Number of updated asset objects reloaded before import = 0Number of asset objects unloaded after import = 2

========================================================================
Received Import Request.
  Time since last request: 0.000042 seconds.
  path: Assets/Sprites/Village/MainLevBuild_37.asset
  artifactKey: Guid(0c49476a5fc434279baab2c4d7f61723) Importer(2089858483,192608db42251d675da83286b1cce702)
Start importing Assets/Sprites/Village/MainLevBuild_37.asset using Guid(0c49476a5fc434279baab2c4d7f61723) Importer(2089858483,192608db42251d675da83286b1cce702) (ScriptedImporter) -> (artifact id: '0e4c2deb420781b777630e57b443cde8') in 0.0032145 seconds
Number of updated asset objects reloaded before import = 0Number of asset objects unloaded after import = 2

========================================================================
Received Import Request.
  Time since last request: 0.000033 seconds.
  path: Assets/Sprites/Village/MainLevBuild_40.asset
  artifactKey: Guid(d7b059ade54cd4715909238e2c0c880c) Importer(2089858483,192608db42251d675da83286b1cce702)
Start importing Assets/Sprites/Village/MainLevBuild_40.asset using Guid(d7b059ade54cd4715909238e2c0c880c) Importer(2089858483,192608db42251d675da83286b1cce702) (ScriptedImporter) -> (artifact id: 'c64221fda0e0eccd612754d0f523d851') in 0.00301675 seconds
Number of updated asset objects reloaded before import = 0Number of asset objects unloaded after import = 2

========================================================================
Received Import Request.
  Time since last request: 0.000046 seconds.
  path: Assets/Sprites/Village/MainLevBuild_21.asset
  artifactKey: Guid(1756464e40bac4e6ba5626b3f0951247) Importer(2089858483,192608db42251d675da83286b1cce702)
Start importing Assets/Sprites/Village/MainLevBuild_21.asset using Guid(1756464e40bac4e6ba5626b3f0951247) Importer(2089858483,192608db42251d675da83286b1cce702) (ScriptedImporter) -> (artifact id: 'f613f11bdc4510324dafdcbdda4025b7') in 0.002985292 seconds
Number of updated asset objects reloaded before import = 0Number of asset objects unloaded after import = 2

========================================================================
Received Import Request.
  Time since last request: 0.000034 seconds.
  path: Assets/Sprites/Village/Tileset/Village Tileset.prefab
  artifactKey: Guid(a2ad13162027440c1aeb0616138501a2) Importer(2089858483,192608db42251d675da83286b1cce702)
Start importing Assets/Sprites/Village/Tileset/Village Tileset.prefab using Guid(a2ad13162027440c1aeb0616138501a2) Importer(2089858483,192608db42251d675da83286b1cce702) (ScriptedImporter) -> (artifact id: 'ac13921358441eab4bf9c4ff3b622e76') in 0.024368458 seconds
Number of updated asset objects reloaded before import = 0Number of asset objects unloaded after import = 10

========================================================================
Received Import Request.
  Time since last request: 0.000033 seconds.
  path: Assets/Sprites/Village/MainLevBuild_32.asset
  artifactKey: Guid(423766c9bf95f49faa3e822ca29ded32) Importer(2089858483,192608db42251d675da83286b1cce702)
Start importing Assets/Sprites/Village/MainLevBuild_32.asset using Guid(423766c9bf95f49faa3e822ca29ded32) Importer(2089858483,192608db42251d675da83286b1cce702) (ScriptedImporter) -> (artifact id: '98ce6b8e96a3e89adf97c9fbffd01233') in 0.002963625 seconds
Number of updated asset objects reloaded before import = 0Number of asset objects unloaded after import = 2

========================================================================
Received Import Request.
  Time since last request: 0.000043 seconds.
  path: Assets/Sprites/Village/MainLevBuild_18.asset
  artifactKey: Guid(2a897aea076b54a94b3bfb4e5fe19b09) Importer(2089858483,192608db42251d675da83286b1cce702)
Start importing Assets/Sprites/Village/MainLevBuild_18.asset using Guid(2a897aea076b54a94b3bfb4e5fe19b09) Importer(2089858483,192608db42251d675da83286b1cce702) (ScriptedImporter) -> (artifact id: '9eb27d0d771f3c09de5df5a82862d3b5') in 0.0031365 seconds
Number of updated asset objects reloaded before import = 0Number of asset objects unloaded after import = 2

========================================================================
Received Import Request.
  Time since last request: 0.000033 seconds.
  path: Assets/Sprites/Village/MainLevBuild_47.asset
  artifactKey: Guid(3de3ade5880c24e82838ca45aab1af82) Importer(2089858483,192608db42251d675da83286b1cce702)
Start importing Assets/Sprites/Village/MainLevBuild_47.asset using Guid(3de3ade5880c24e82838ca45aab1af82) Importer(2089858483,192608db42251d675da83286b1cce702) (ScriptedImporter) -> (artifact id: 'b7ca5e5799052c7149cc0a5b7d3a0a4a') in 0.0028835 seconds
Number of updated asset objects reloaded before import = 0Number of asset objects unloaded after import = 2

========================================================================
Received Import Request.
  Time since last request: 0.000051 seconds.
  path: Assets/Sprites/Village/MainLevBuild_31.asset
  artifactKey: Guid(2114b476f72974a00b67b2b849d142ea) Importer(2089858483,192608db42251d675da83286b1cce702)
Start importing Assets/Sprites/Village/MainLevBuild_31.asset using Guid(2114b476f72974a00b67b2b849d142ea) Importer(2089858483,192608db42251d675da83286b1cce702) (ScriptedImporter) -> (artifact id: 'df5698d923f3c207ec309803aa1f9f35') in 0.003078166 seconds
Number of updated asset objects reloaded before import = 0Number of asset objects unloaded after import = 2

========================================================================
Received Import Request.
  Time since last request: 0.000033 seconds.
  path: Assets/Sprites/Village/MainLevBuild_49.asset
  artifactKey: Guid(4934bc43307b64bf1856ce0514f530bc) Importer(2089858483,192608db42251d675da83286b1cce702)
Start importing Assets/Sprites/Village/MainLevBuild_49.asset using Guid(4934bc43307b64bf1856ce0514f530bc) Importer(2089858483,192608db42251d675da83286b1cce702) (ScriptedImporter) -> (artifact id: 'bcb1fc16539edc6f148d8d517773b02e') in 0.002957541 seconds
Number of updated asset objects reloaded before import = 0Number of asset objects unloaded after import = 2

========================================================================
Received Import Request.
  Time since last request: 0.000035 seconds.
  path: Assets/Sprites/Village/MainLevBuild_29.asset
  artifactKey: Guid(a3e62da58c04d427e91dd0d49bf756ff) Importer(2089858483,192608db42251d675da83286b1cce702)
Start importing Assets/Sprites/Village/MainLevBuild_29.asset using Guid(a3e62da58c04d427e91dd0d49bf756ff) Importer(2089858483,192608db42251d675da83286b1cce702) (ScriptedImporter) -> (artifact id: 'e526f2dfa4759fe306beafc37327032e') in 0.00344025 seconds
Number of updated asset objects reloaded before import = 0Number of asset objects unloaded after import = 2

========================================================================
Received Import Request.
  Time since last request: 0.000034 seconds.
  path: Assets/Sprites/Village/MainLevBuild_28.asset
  artifactKey: Guid(899fd5731edf9414db88be9601d72a22) Importer(2089858483,192608db42251d675da83286b1cce702)
Start importing Assets/Sprites/Village/MainLevBuild_28.asset using Guid(899fd5731edf9414db88be9601d72a22) Importer(2089858483,192608db42251d675da83286b1cce702) (ScriptedImporter) -> (artifact id: '1807513133fe0ef1649fcb46ae91966f') in 0.002997958 seconds
Number of updated asset objects reloaded before import = 0Number of asset objects unloaded after import = 2

========================================================================
Received Import Request.
  Time since last request: 0.000032 seconds.
  path: Assets/Sprites/Village/MainLevBuild_23.asset
  artifactKey: Guid(d5837c95513f749c795195861f541597) Importer(2089858483,192608db42251d675da83286b1cce702)
Start importing Assets/Sprites/Village/MainLevBuild_23.asset using Guid(d5837c95513f749c795195861f541597) Importer(2089858483,192608db42251d675da83286b1cce702) (ScriptedImporter) -> (artifact id: '99ad481c974f4857ee7c8f7a728d1b69') in 0.003003 seconds
Number of updated asset objects reloaded before import = 0Number of asset objects unloaded after import = 2

========================================================================
Received Import Request.
  Time since last request: 0.000033 seconds.
  path: Assets/Sprites/Village/MainLevBuild_10.asset
  artifactKey: Guid(02fcbf1b6cd454e5fa2b9e18ee4cf8a7) Importer(2089858483,192608db42251d675da83286b1cce702)
Start importing Assets/Sprites/Village/MainLevBuild_10.asset using Guid(02fcbf1b6cd454e5fa2b9e18ee4cf8a7) Importer(2089858483,192608db42251d675da83286b1cce702) (ScriptedImporter) -> (artifact id: '7b515d5b363208c14b181dd15febbad3') in 0.002826333 seconds
Number of updated asset objects reloaded before import = 0Number of asset objects unloaded after import = 2

========================================================================
Received Import Request.
  Time since last request: 0.000027 seconds.
  path: Assets/Sprites/Village/MainLevBuild_17.asset
  artifactKey: Guid(64f8c108d32904044864274a412a18af) Importer(2089858483,192608db42251d675da83286b1cce702)
Start importing Assets/Sprites/Village/MainLevBuild_17.asset using Guid(64f8c108d32904044864274a412a18af) Importer(2089858483,192608db42251d675da83286b1cce702) (ScriptedImporter) -> (artifact id: '62d29715391eae2efe9f28e123885b94') in 0.003386292 seconds
Number of updated asset objects reloaded before import = 0Number of asset objects unloaded after import = 2

Editor requested this worker to shutdown with reason: Scaling down because of idle timeout
AssetImportWorker is now disconnected from the server
Process exiting
